Component: ARM Compiler 5.06 update 3 (build 300) Tool: armlink [4d35c9]

==============================================================================

Section Cross References

    main.o(.text) refers to _printf_percent.o(.ARM.Collect$$_printf_percent$$00000000) for _printf_percent
    main.o(.text) refers to _printf_d.o(.ARM.Collect$$_printf_percent$$00000009) for _printf_d
    main.o(.text) refers to _printf_dec.o(.text) for _printf_int_dec
    main.o(.text) refers to hc38.o(.text) for HC38_Enter_Value
    main.o(.text) refers to key.o(.text) for KEY_Scan
    main.o(.text) refers to noretval__2printf.o(.text) for __2printf
    main.o(.text) refers to oled.o(.text) for OLED_Clear
    main.o(.text) refers to shuma.o(.text) for Shuma_Display
    main.o(.text) refers to tasks.o(.text) for vTaskDelay
    main.o(.text) refers to queue.o(.text) for xQueueGenericReceive
    main.o(.text) refers to port.o(.text) for vPortEnterCritical
    main.o(.text) refers to misc.o(.text) for NVIC_PriorityGroupConfig
    main.o(.text) refers to delay.o(.text) for delay_init
    main.o(.text) refers to usart.o(.text) for uart_init
    main.o(.text) refers to led.o(.text) for LED_Init
    main.o(.text) refers to timer.o(.text) for TIM5_Int_Init
    main.o(.text) refers to main.o(.data) for .data
    system_stm32f10x.o(.text) refers to system_stm32f10x.o(.data) for .data
    timer.o(.text) refers to stm32f10x_rcc.o(.text) for RCC_APB1PeriphClockCmd
    timer.o(.text) refers to stm32f10x_tim.o(.text) for TIM_TimeBaseInit
    timer.o(.text) refers to misc.o(.text) for NVIC_Init
    timer.o(.text) refers to queue.o(.text) for xQueueGiveFromISR
    timer.o(.text) refers to timer.o(.data) for .data
    timer.o(.text) refers to main.o(.data) for BinarySemaphore
    key.o(.text) refers to stm32f10x_rcc.o(.text) for RCC_APB2PeriphClockCmd
    key.o(.text) refers to stm32f10x_gpio.o(.text) for GPIO_Init
    key.o(.text) refers to key.o(.data) for .data
    led.o(.text) refers to stm32f10x_rcc.o(.text) for RCC_APB2PeriphClockCmd
    led.o(.text) refers to stm32f10x_gpio.o(.text) for GPIO_PinRemapConfig
    oled.o(.text) refers to stm32f10x_gpio.o(.text) for GPIO_SetBits
    oled.o(.text) refers to oled.o(.constdata) for .constdata
    oled.o(.text) refers to oled.o(.data) for .data
    oled.o(.text) refers to stm32f10x_rcc.o(.text) for RCC_APB2PeriphClockCmd
    oled.o(.text) refers to delay.o(.text) for delay_ms
    shuma.o(.text) refers to stm32f10x_rcc.o(.text) for RCC_APB2PeriphClockCmd
    shuma.o(.text) refers to stm32f10x_gpio.o(.text) for GPIO_Init
    shuma.o(.text) refers to shuma.o(.data) for .data
    hc38.o(.text) refers to stm32f10x_rcc.o(.text) for RCC_APB2PeriphClockCmd
    hc38.o(.text) refers to stm32f10x_gpio.o(.text) for GPIO_Init
    delay.o(.text) refers to tasks.o(.text) for xTaskGetSchedulerState
    delay.o(.text) refers to port.o(.text) for xPortSysTickHandler
    delay.o(.text) refers to misc.o(.text) for SysTick_CLKSourceConfig
    delay.o(.text) refers to system_stm32f10x.o(.data) for SystemCoreClock
    delay.o(.text) refers to delay.o(.data) for .data
    usart.o(.text) refers (Special) to use_no_semi_2.o(.text) for __use_no_semihosting
    usart.o(.text) refers to stm32f10x_rcc.o(.text) for RCC_APB2PeriphClockCmd
    usart.o(.text) refers to stm32f10x_gpio.o(.text) for GPIO_Init
    usart.o(.text) refers to misc.o(.text) for NVIC_Init
    usart.o(.text) refers to stm32f10x_usart.o(.text) for USART_Init
    usart.o(.text) refers to usart.o(.data) for .data
    usart.o(.text) refers to usart.o(.bss) for .bss
    usart.o(.bss) refers (Special) to use_no_semi_2.o(.text) for __use_no_semihosting
    usart.o(.data) refers (Special) to use_no_semi_2.o(.text) for __use_no_semihosting
    usart.o(.data) refers (Special) to use_no_semi_2.o(.text) for __use_no_semihosting
    startup_stm32f10x_hd.o(STACK) refers (Special) to heapauxi.o(.text) for __use_two_region_memory
    startup_stm32f10x_hd.o(HEAP) refers (Special) to heapauxi.o(.text) for __use_two_region_memory
    startup_stm32f10x_hd.o(RESET) refers (Special) to heapauxi.o(.text) for __use_two_region_memory
    startup_stm32f10x_hd.o(RESET) refers to startup_stm32f10x_hd.o(STACK) for __initial_sp
    startup_stm32f10x_hd.o(RESET) refers to startup_stm32f10x_hd.o(.text) for Reset_Handler
    startup_stm32f10x_hd.o(RESET) refers to stm32f10x_it.o(.text) for NMI_Handler
    startup_stm32f10x_hd.o(RESET) refers to port.o(.emb_text) for SVC_Handler
    startup_stm32f10x_hd.o(RESET) refers to delay.o(.text) for SysTick_Handler
    startup_stm32f10x_hd.o(RESET) refers to timer.o(.text) for TIM3_IRQHandler
    startup_stm32f10x_hd.o(RESET) refers to usart.o(.text) for USART1_IRQHandler
    startup_stm32f10x_hd.o(.text) refers (Special) to heapauxi.o(.text) for __use_two_region_memory
    startup_stm32f10x_hd.o(.text) refers to system_stm32f10x.o(.text) for SystemInit
    startup_stm32f10x_hd.o(.text) refers to __main.o(!!!main) for __main
[...]
    .ARM.Collect$$_printf_percent$$00000009  0x080001e4   Section        6  _printf_d.o(.ARM.Collect$$_printf_percent$$00000009)
    .ARM.Collect$$_printf_percent$$0000000A  0x080001ea   Section        6  _printf_u.o(.ARM.Collect$$_printf_percent$$0000000A)
    .ARM.Collect$$_printf_percent$$00000013  0x080001f0   Section        6  _printf_c.o(.ARM.Collect$$_printf_percent$$00000013)
    .ARM.Collect$$_printf_percent$$00000014  0x080001f6   Section        6  _printf_s.o(.ARM.Collect$$_printf_percent$$00000014)
    .ARM.Collect$$_printf_percent$$00000017  0x080001fc   Section        4  _printf_percent_end.o(.ARM.Collect$$_printf_percent$$00000017)
    .ARM.Collect$$libinit$$00000000          0x08000200   Section        2  libinit.o(.ARM.Collect$$libinit$$00000000)
    .ARM.Collect$$libinit$$00000002          0x08000202   Section        0  libinit2.o(.ARM.Collect$$libinit$$00000002)
    .ARM.Collect$$libinit$$00000004          0x08000202   Section        0  libinit2.o(.ARM.Collect$$libinit$$00000004)
    .ARM.Collect$$libinit$$0000000A          0x08000202   Section        0  libinit2.o(.ARM.Collect$$libinit$$0000000A)
    .ARM.Collect$$libinit$$0000000C          0x08000202   Section        0  libinit2.o(.ARM.Collect$$libinit$$0000000C)
    .ARM.Collect$$libinit$$0000000E          0x08000202   Section        0  libinit2.o(.ARM.Collect$$libinit$$0000000E)
    .ARM.Collect$$libinit$$00000011          0x08000202   Section        0  libinit2.o(.ARM.Collect$$libinit$$00000011)
    .ARM.Collect$$libinit$$00000013          0x08000202   Section        0  libinit2.o(.ARM.Collect$$libinit$$00000013)
    .ARM.Collect$$libinit$$00000015          0x08000202   Section        0  libinit2.o(.ARM.Collect$$libinit$$00000015)
    .ARM.Collect$$libinit$$00000017          0x08000202   Section        0  libinit2.o(.ARM.Collect$$libinit$$00000017)
    .ARM.Collect$$libinit$$00000019          0x08000202   Section        0  libinit2.o(.ARM.Collect$$libinit$$00000019)
    .ARM.Collect$$libinit$$0000001B          0x08000202   Section        0  libinit2.o(.ARM.Collect$$libinit$$0000001B)
    .ARM.Collect$$libinit$$0000001D          0x08000202   Section        0  libinit2.o(.ARM.Collect$$libinit$$0000001D)
    .ARM.Collect$$libinit$$0000001F          0x08000202   Section        0  libinit2.o(.ARM.Collect$$libinit$$0000001F)
    .ARM.Collect$$libinit$$00000021          0x08000202   Section        0  libinit2.o(.ARM.Collect$$libinit$$00000021)
    .ARM.Collect$$libinit$$00000023          0x08000202   Section        0  libinit2.o(.ARM.Collect$$libinit$$00000023)
    .ARM.Collect$$libinit$$00000025          0x08000202   Section        0  libinit2.o(.ARM.Collect$$libinit$$00000025)
    .ARM.Collect$$libinit$$0000002C          0x08000202   Section        0  libinit2.o(.ARM.Collect$$libinit$$0000002C)
    .ARM.Collect$$libinit$$0000002E          0x08000202   Section        0  libinit2.o(.ARM.Collect$$libinit$$0000002E)
    .ARM.Collect$$libinit$$00000030          0x08000202   Section        0  libinit2.o(.ARM.Collect$$libinit$$00000030)
    .ARM.Collect$$libinit$$00000032          0x08000202   Section        0  libinit2.o(.ARM.Collect$$libinit$$00000032)
    .ARM.Collect$$libinit$$00000033          0x08000202   Section        2  libinit2.o(.ARM.Collect$$libinit$$00000033)
    .ARM.Collect$$libshutdown$$00000000      0x08000204   Section        2  libshutdown.o(.ARM.Collect$$libshutdown$$00000000)
    .ARM.Collect$$libshutdown$$00000002      0x08000206   Section        0  libshutdown2.o(.ARM.Collect$$libshutdown$$00000002)
    .ARM.Collect$$libshutdown$$00000004      0x08000206   Section        0  libshutdown2.o(.ARM.Collect$$libshutdown$$00000004)
    .ARM.Collect$$libshutdown$$00000007      0x08000206   Section        0  libshutdown2.o(.ARM.Collect$$libshutdown$$00000007)
    .ARM.Collect$$libshutdown$$0000000A      0x08000206   Section        0  libshutdown2.o(.ARM.Collect$$libshutdown$$0000000A)
    .ARM.Collect$$libshutdown$$0000000C      0x08000206   Section        0  libshutdown2.o(.ARM.Collect$$libshutdown$$0000000C)
    .ARM.Collect$$libshutdown$$0000000F      0x08000206   Section        0  libshutdown2.o(.ARM.Collect$$libshutdown$$0000000F)
    .ARM.Collect$$libshutdown$$00000010      0x08000206   Section        2  libshutdown2.o(.ARM.Collect$$libshutdown$$00000010)
    .ARM.Collect$$rtentry$$00000000          0x08000208   Section        0  __rtentry.o(.ARM.Collect$$rtentry$$00000000)
    .ARM.Collect$$rtentry$$00000002          0x08000208   Section        0  __rtentry2.o(.ARM.Collect$$rtentry$$00000002)
    .ARM.Collect$$rtentry$$00000004          0x08000208   Section        6  __rtentry4.o(.ARM.Collect$$rtentry$$00000004)
    .ARM.Collect$$rtentry$$00000009          0x0800020e   Section        0  __rtentry2.o(.ARM.Collect$$rtentry$$00000009)
    .ARM.Collect$$rtentry$$0000000A          0x0800020e   Section        4  __rtentry2.o(.ARM.Collect$$rtentry$$0000000A)
    .ARM.Collect$$rtentry$$0000000C          0x08000212   Section        0  __rtentry2.o(.ARM.Collect$$rtentry$$0000000C)
    .ARM.Collect$$rtentry$$0000000D          0x08000212   Section        8  __rtentry2.o(.ARM.Collect$$rtentry$$0000000D)
    .ARM.Collect$$rtexit$$00000000           0x0800021a   Section        2  rtexit.o(.ARM.Collect$$rtexit$$00000000)
    .ARM.Collect$$rtexit$$00000002           0x0800021c   Section        0  rtexit2.o(.ARM.Collect$$rtexit$$00000002)
    .ARM.Collect$$rtexit$$00000003           0x0800021c   Section        4  rtexit2.o(.ARM.Collect$$rtexit$$00000003)
    .ARM.Collect$$rtexit$$00000004           0x08000220   Section        6  rtexit2.o(.ARM.Collect$$rtexit$$00000004)
    .emb_text                                0x08000228   Section      150  port.o(.emb_text)
    .text                                    0x080002c0   Section        0  main.o(.text)
    .text                                    0x080006cc   Section        0  stm32f10x_it.o(.text)
    .text                                    0x080006d8   Section        0  system_stm32f10x.o(.text)
    SetSysClockTo72                          0x080006d9   Thumb Code   160  system_stm32f10x.o(.text)
    .text                                    0x08000830   Section        0  timer.o(.text)
    .text                                    0x0800096c   Section        0  key.o(.text)
    .text                                    0x08000a08   Section        0  led.o(.text)
    .text                                    0x08000aa8   Section        0  oled.o(.text)
    .text                                    0x08000fdc   Section        0  shuma.o(.text)
    .text                                    0x08001024   Section        0  hc38.o(.text)
    .text                                    0x0800108c   Section        0  delay.o(.text)
    .text                                    0x08001164   Section        0  usart.o(.text)
    .text                                    0x08001278   Section       64  startup_stm32f10x_hd.o(.text)
    .text                                    0x080012b8   Section        0  misc.o(.text)
    .text                                    0x08001368   Section        0  stm32f10x_gpio.o(.text)
    .text                                    0x080015cc   Section        0  stm32f10x_rcc.o(.text)
    .text                                    0x08001884   Section        0  stm32f10x_usart.o(.text)
    .text                                    0x08001bac   Section        0  stm32f10x_tim.o(.text)
    TI2_Config                               0x08001f3f   Thumb Code   166  stm32f10x_tim.o(.text)
    TI1_Config                               0x08001ff5   Thumb Code    88  stm32f10x_tim.o(.text)
    .text                                    0x0800269c   Section        0  list.o(.text)
    .text                                    0x08002724   Section        0  queue.o(.text)
    prvCopyDataToQueue                       0x080027f7   Thumb Code   106  queue.o(.text)
    prvNotifyQueueSetContainer               0x08002861   Thumb Code   108  queue.o(.text)
    prvUnlockQueue                           0x080028cd   Thumb Code   120  queue.o(.text)
    prvCopyDataFromQueue                     0x08002b29   Thumb Code    38  queue.o(.text)
    prvIsQueueEmpty                          0x080031ad   Thumb Code    26  queue.o(.text)
    .text                                    0x080031d0   Section        0  tasks.o(.text)
    prvAddNewTaskToReadyList                 0x080031d1   Thumb Code   192  tasks.o(.text)
    prvAddCurrentTaskToDelayedList           0x080034f1   Thumb Code   102  tasks.o(.text)
    prvTaskIsTaskSuspended                   0x0800389d   Thumb Code    48  tasks.o(.text)
    prvIdleTask                              0x080039bf   Thumb Code    30  tasks.o(.text)
    prvListTasksWithinSingleList             0x08003b33   Thumb Code    84  tasks.o(.text)
    prvInitialiseNewTask                     0x080043db   Thumb Code   152  tasks.o(.text)
    prvResetNextTaskUnblockTime              0x08004473   Thumb Code    26  tasks.o(.text)
    prvDeleteTCB                             0x0800448d   Thumb Code    20  tasks.o(.text)
    prvCheckTasksWaitingTermination          0x080044a1   Thumb Code    76  tasks.o(.text)
    .text                                    0x0800451c   Section        0  timers.o(.text)
    prvInsertTimerInActiveList               0x0800451d   Thumb Code    52  timers.o(.text)
    prvProcessReceivedCommands               0x080045b3   Thumb Code   196  timers.o(.text)
    prvTimerTask                             0x08004677   Thumb Code    34  timers.o(.text)
    prvCheckForValidListAndQueue             0x08004699   Thumb Code    62  timers.o(.text)
    prvSampleTimeNow                         0x0800487b   Thumb Code    36  timers.o(.text)
    prvProcessTimerOrBlockTask               0x0800489f   Thumb Code   210  timers.o(.text)
    prvSwitchTimerLists                      0x08004971   Thumb Code   102  timers.o(.text)
    prvProcessExpiredTimer                   0x080049d7   Thumb Code    88  timers.o(.text)
    .text                                    0x08004a34   Section        0  port.o(.text)
    prvTaskExitError                         0x08004a35   Thumb Code    34  port.o(.text)
    .text                                    0x08004c2c   Section        0  heap_4.o(.text)
    prvInsertBlockIntoFreeList               0x08004c2d   Thumb Code    72  heap_4.o(.text)
    prvHeapInit                              0x08004dbd   Thumb Code    66  heap_4.o(.text)
    .text                                    0x08004e40   Section        2  use_no_semi_2.o(.text)
    .text                                    0x08004e44   Section        0  noretval__2printf.o(.text)
    .text                                    0x08004e5c   Section        0  noretval__2sprintf.o(.text)
    .text                                    0x08004e84   Section        0  __printf.o(.text)
    .text                                    0x08004eec   Section        0  _printf_str.o(.text)
    .text                                    0x08004f40   Section        0  _printf_dec.o(.text)
    .text                                    0x08004fb8   Section        0  strcpy.o(.text)
    .text                                    0x08005000   Section        0  strlen.o(.text)
    .text                                    0x0800503e   Section      138  rt_memcpy_v6.o(.text)
    .text                                    0x080050c8   Section       16  aeabi_memset.o(.text)
    .text                                    0x080050d8   Section        0  heapauxi.o(.text)
    .text                                    0x080050de   Section        2  use_no_semi.o(.text)
    .text                                    0x080050e0   Section        0  _printf_intcommon.o(.text)
    .text                                    0x08005194   Section        0  _printf_char_common.o(.text)
    _printf_input_char                       0x08005195   Thumb Code    10  _printf_char_common.o(.text)
    .text                                    0x080051c4   Section        0  _sputc.o(.text)
    .text                                    0x080051ce   Section        0  _printf_char.o(.text)
    .text                                    0x080051fc   Section        0  _printf_char_file.o(.text)
    .text                                    0x08005220   Section      100  rt_memcpy_w.o(.text)
    .text                                    0x08005284   Section       68  rt_memclr.o(.text)
    .text                                    0x080052c8   Section        0  ferror.o(.text)
    .text                                    0x080052d0   Section       78  rt_memclr_w.o(.text)
    .text                                    0x0800531e   Section       74  sys_stackheap_outer.o(.text)
    .text                                    0x08005368   Section        0  exit.o(.text)
    .text                                    0x0800537c   Section        8  libspace.o(.text)
    .constdata                               0x08005384   Section     2072  oled.o(.constdata)
    .data                                    0x20000000   Section       36  main.o(.data)
    .data                                    0x20000024   Section       20  system_stm32f10x.o(.data)
    .data                                    0x20000038   Section        8  timer.o(.data)
    .data                                    0x20000040   Section        1  key.o(.data)
    key_up                                   0x20000040   Data           1  key.o(.data)
    .data                                    0x20000041   Section      896  oled.o(.data)
    .data                                    0x200003c1   Section       16  shuma.o(.data)
    .data                                    0x200003d2   Section        4  delay.o(.data)
    fac_us                                   0x200003d2   Data           1  delay.o(.data)
    fac_ms                                   0x200003d4   Data           2  delay.o(.data)
    .data                                    0x200003d6   Section        2  usart.o(.data)
    .data                                    0x200003d8   Section        4  usart.o(.data)
    .data                                    0x200003dc   Section       20  stm32f10x_rcc.o(.data)
    ADCPrescTable                            0x200003dc   Data           4  stm32f10x_rcc.o(.data)
    APBAHBPrescTable                         0x200003e0   Data          16  stm32f10x_rcc.o(.data)
    .data                                    0x200003f0   Section       60  tasks.o(.data)
    uxDeletedTasksWaitingCleanUp             0x200003f4   Data           4  tasks.o(.data)
    uxCurrentNumberOfTasks                   0x200003f8   Data           4  tasks.o(.data)
    xTickCount                               0x200003fc   Data           4  tasks.o(.data)
    uxTopReadyPriority                       0x20000400   Data           4  tasks.o(.data)
    xSchedulerRunning                        0x20000404   Data           4  tasks.o(.data)
    uxPendedTicks                            0x20000408   Data           4  tasks.o(.data)
    xYieldPending                            0x2000040c   Data           4  tasks.o(.data)
    xNumOfOverflows                          0x20000410   Data           4  tasks.o(.data)
    uxTaskNumber                             0x20000414   Data           4  tasks.o(.data)
    xNextTaskUnblockTime                     0x20000418   Data           4  tasks.o(.data)
    xIdleTaskHandle                          0x2000041c   Data           4  tasks.o(.data)
    uxSchedulerSuspended                     0x20000420   Data           4  tasks.o(.data)
    pxDelayedTaskList                        0x20000424   Data           4  tasks.o(.data)
    pxOverflowDelayedTaskList                0x20000428   Data           4  tasks.o(.data)
    .data                                    0x2000042c   Section       20  timers.o(.data)
    xTimerQueue                              0x2000042c   Data           4  timers.o(.data)
    xTimerTaskHandle                         0x20000430   Data           4  timers.o(.data)
    xLastTime                                0x20000434   Data           4  timers.o(.data)
    pxCurrentTimerList                       0x20000438   Data           4  timers.o(.data)
    pxOverflowTimerList                      0x2000043c   Data           4  timers.o(.data)
    .data                                    0x20000440   Section       12  port.o(.data)
    ucMaxSysCallPriority                     0x20000440   Data           1  port.o(.data)
    uxCriticalNesting                        0x20000444   Data           4  port.o(.data)
    ulMaxPRIGROUPValue                       0x20000448   Data           4  port.o(.data)
    .data                                    0x2000044c   Section       24  heap_4.o(.data)
    pxEnd                                    0x2000044c   Data           4  heap_4.o(.data)
    xFreeBytesRemaining                      0x20000450   Data           4  heap_4.o(.data)
    xMinimumEverFreeBytesRemaining           0x20000454   Data           4  heap_4.o(.data)
    xBlockAllocatedBit                       0x20000458   Data           4  heap_4.o(.data)
    xStart                                   0x2000045c   Data           8  heap_4.o(.data)
    .bss                                     0x20000464   Section      200  usart.o(.bss)
    .bss                                     0x2000052c   Section       64  queue.o(.bss)
    .bss                                     0x2000056c   Section      740  tasks.o(.bss)
    pxReadyTasksLists                        0x2000056c   Data         640  tasks.o(.bss)
    xDelayedTaskList1                        0x200007ec   Data          20  tasks.o(.bss)
    xDelayedTaskList2                        0x20000800   Data          20  tasks.o(.bss)
    xPendingReadyList                        0x20000814   Data          20  tasks.o(.bss)
    xTasksWaitingTermination                 0x20000828   Data          20  tasks.o(.bss)
    xSuspendedTaskList                       0x2000083c   Data          20  tasks.o(.bss)
    .bss                                     0x20000850   Section       40  timers.o(.bss)
    xActiveTimerList1                        0x20000850   Data          20  timers.o(.bss)
    xActiveTimerList2                        0x20000864   Data          20  timers.o(.bss)
    .bss                                     0x20000878   Section    20480  heap_4.o(.bss)
    ucHeap                                   0x20000878   Data       20480  heap_4.o(.bss)
    .bss                                     0x20005878   Section       96  libspace.o(.bss)
    HEAP                                     0x200058d8   Section      512  startup_stm32f10x_hd.o(HEAP)
    Heap_Mem                                 0x200058d8   Data         512  startup_stm32f10x_hd.o(HEAP)
    STACK                                    0x20005ad8   Section     1024  startup_stm32f10x_hd.o(STACK)
    Stack_Mem                                0x20005ad8   Data        1024  startup_stm32f10x_hd.o(STACK)
    __initial_sp                             0x20005ed8   Data           0  startup_stm32f10x_hd.o(STACK)

    Global Symbols

    Symbol Name                              Value     Ov Type        Size  Object(Section)

    BuildAttributes$$THM_ISAv4$P$D$K$B$S$PE$A:L22UL41UL21$X:L11$S22US41US21$IEEE1$IW$USESV6$~STKCKD$USESV7$~SHL$OSPACE$ROPI$EBA8$UX$STANDARDLIB$REQ8$PRES8$EABIv2 0x00000000   Number         0  anon$$obj.o ABSOLUTE
    __ARM_use_no_argv                        0x00000000   Number         0  main.o ABSOLUTE
    __ARM_exceptions_init                     - Undefined Weak Reference
    __alloca_initialize                       - Undefined Weak Reference
    __arm_preinit_                            - Undefined Weak Reference
    __cpp_initialize__aeabi_                  - Undefined Weak Reference
    __cxa_finalize                            - Undefined Weak Reference
    __rt_locale                               - Undefined Weak Reference
    __sigvec_lookup                           - Undefined Weak Reference
    _atexit_init                              - Undefined Weak Reference
    _call_atexit_fns                          - Undefined Weak Reference
    _clock_init                               - Undefined Weak Reference
    _fp_trap_init                             - Undefined Weak Reference
    _fp_trap_shutdown                         - Undefined Weak Reference
    _get_lc_collate                           - Undefined Weak Reference
    _get_lc_ctype                             - Undefined Weak Reference
    _get_lc_monetary                          - Undefined Weak Reference
    _get_lc_numeric                           - Undefined Weak Reference
    _get_lc_time                              - Undefined Weak Reference
    _getenv_init                              - Undefined Weak Reference
    _handle_redirection                       - Undefined Weak Reference
    _init_alloc                               - Undefined Weak Reference
    _init_user_alloc                          - Undefined Weak Reference
    _initio                                   - Undefined Weak Reference
    _mutex_acquire                            - Undefined Weak Reference
    _mutex_release                            - Undefined Weak Reference
    _printf_mbtowc                            - Undefined Weak Reference
    _printf_post_padding                      - Undefined Weak Reference
    _printf_pre_padding                       - Undefined Weak Reference
    _printf_truncate_signed                   - Undefined Weak Reference
    _printf_truncate_unsigned                 - Undefined Weak Reference
    _rand_init                                - Undefined Weak Reference
    _signal_finish                            - Undefined Weak Reference
    _signal_init                              - Undefined Weak Reference
    _terminate_alloc                          - Undefined Weak Reference
    _terminate_user_alloc                     - Undefined Weak Reference
    _terminateio                              - Undefined Weak Reference
    __Vectors_Size                           0x00000130   Number         0  startup_stm32f10x_hd.o ABSOLUTE
    __Vectors                                0x08000000   Data           4  startup_stm32f10x_hd.o(RESET)
    __Vectors_End                            0x08000130   Data           0  startup_stm32f10x_hd.o(RESET)
    __main                                   0x08000131   Thumb Code     8  __main.o(!!!main)
    __scatterload                            0x08000139   Thumb Code     0  __scatter.o(!!!scatter)
    __scatterload_rt2                        0x08000139   Thumb Code    44  __scatter.o(!!!scatter)
    __scatterload_rt2_thumb_only             0x08000139   Thumb Code     0  __scatter.o(!!!scatter)
    __scatterload_null                       0x08000147   Thumb Code     0  __scatter.o(!!!scatter)
    __decompress                             0x0800016d   Thumb Code    90  __dczerorl2.o(!!dczerorl2)
    __decompress1                            0x0800016d   Thumb Code     0  __dczerorl2.o(!!dczerorl2)
    __scatterload_zeroinit                   0x080001c9   Thumb Code    28  __scatter_zi.o(!!handler_zi)
    _printf_d                                0x080001e5   Thumb Code     0  _printf_d.o(.ARM.Collect$$_printf_percent$$00000009)
    _printf_percent                          0x080001e5   Thumb Code     0  _printf_percent.o(.ARM.Collect$$_printf_percent$$00000000)
    _printf_u                                0x080001eb   Thumb Code     0  _printf_u.o(.ARM.Collect$$_printf_percent$$0000000A)
    _printf_c                                0x080001f1   Thumb Code     0  _printf_c.o(.ARM.Collect$$_printf_percent$$00000013)
    _printf_s                                0x080001f7   Thumb Code     0  _printf_s.o(.ARM.Collect$$_printf_percent$$00000014)
    _printf_percent_end                      0x080001fd   Thumb Code     0  _printf_percent_end.o(.ARM.Collect$$_printf_percent$$00000017)
    __rt_lib_init                            0x08000201   Thumb Code     0  libinit.o(.ARM.Collect$$libinit$$00000000)
    __rt_lib_init_alloca_1                   0x08000203   Thumb Code     0  libinit2.o(.ARM.Collect$$libinit$$0000002E)
    __rt_lib_init_argv_1                     0x08000203   Thumb Code     0  libinit2.o(.ARM.Collect$$libinit$$0000002C)
    __rt_lib_init_atexit_1                   0x08000203   Thumb Code     0  libinit2.o(.ARM.Collect$$libinit$$0000001B)
    __rt_lib_init_clock_1                    0x08000203   Thumb Code     0  libinit2.o(.ARM.Collect$$libinit$$00000021)
    __rt_lib_init_cpp_1                      0x08000203   Thumb Code     0  libinit2.o(.ARM.Collect$$libinit$$00000032)
    __rt_lib_init_exceptions_1               0x08000203   Thumb Code     0  libinit2.o(.ARM.Collect$$libinit$$00000030)
    __rt_lib_init_fp_1                       0x08000203   Thumb Code     0  libinit2.o(.ARM.Collect$$libinit$$00000002)
    __rt_lib_init_fp_trap_1                  0x08000203   Thumb Code     0  libinit2.o(.ARM.Collect$$libinit$$0000001F)
    __rt_lib_init_getenv_1                   0x08000203   Thumb Code     0  libinit2.o(.ARM.Collect$$libinit$$00000023)
    __rt_lib_init_heap_1                     0x08000203   Thumb Code     0  libinit2.o(.ARM.Collect$$libinit$$0000000A)
    __rt_lib_init_lc_collate_1               0x08000203   Thumb Code     0  libinit2.o(.ARM.Collect$$libinit$$00000011)
    __rt_lib_init_lc_ctype_1                 0x08000203   Thumb Code     0  libinit2.o(.ARM.Collect$$libinit$$00000013)
    __rt_lib_init_lc_monetary_1              0x08000203   Thumb Code     0  libinit2.o(.ARM.Collect$$libinit$$00000015)
    __rt_lib_init_lc_numeric_1               0x08000203   Thumb Code     0  libinit2.o(.ARM.Collect$$libinit$$00000017)
    __rt_lib_init_lc_time_1                  0x08000203   Thumb Code     0  libinit2.o(.ARM.Collect$$libinit$$00000019)
    __rt_lib_init_preinit_1                  0x08000203   Thumb Code     0  libinit2.o(.ARM.Collect$$libinit$$00000004)
    __rt_lib_init_rand_1                     0x08000203   Thumb Code     0  libinit2.o(.ARM.Collect$$libinit$$0000000E)
    __rt_lib_init_return                     0x08000203   Thumb Code     0  libinit2.o(.ARM.Collect$$libinit$$00000033)
    __rt_lib_init_signal_1                   0x08000203   Thumb Code     0  libinit2.o(.ARM.Collect$$libinit$$0000001D)
    __rt_lib_init_stdio_1                    0x08000203   Thumb Code     0  libinit2.o(.ARM.Collect$$libinit$$00000025)
    __rt_lib_init_user_alloc_1               0x08000203   Thumb Code     0  libinit2.o(.ARM.Collect$$libinit$$0000000C)
    __rt_lib_shutdown                        0x08000205   Thumb Code     0  libshutdown.o(.ARM.Collect$$libshutdown$$00000000)
    __rt_lib_shutdown_cpp_1                  0x08000207   Thumb Code     0  libshutdown2.o(.ARM.Collect$$libshutdown$$00000002)
    __rt_lib_shutdown_fp_trap_1              0x08000207   Thumb Code     0  libshutdown2.o(.ARM.Collect$$libshutdown$$00000007)
    __rt_lib_shutdown_heap_1                 0x08000207   Thumb Code     0  libshutdown2.o(.ARM.Collect$$libshutdown$$0000000F)
    __rt_lib_shutdown_return                 0x08000207   Thumb Code     0  libshutdown2.o(.ARM.Collect$$libshutdown$$00000010)
    __rt_lib_shutdown_signal_1               0x08000207   Thumb Code     0  libshutdown2.o(.ARM.Collect$$libshutdown$$0000000A)
    __rt_lib_shutdown_stdio_1                0x08000207   Thumb Code     0  libshutdown2.o(.ARM.Collect$$libshutdown$$00000004)
    __rt_lib_shutdown_user_alloc_1           0x08000207   Thumb Code     0  libshutdown2.o(.ARM.Collect$$libshutdown$$0000000C)
    __rt_entry                               0x08000209   Thumb Code     0  __rtentry.o(.ARM.Collect$$rtentry$$00000000)
    __rt_entry_presh_1                       0x08000209   Thumb Code     0  __rtentry2.o(.ARM.Collect$$rtentry$$00000002)
    __rt_entry_sh                            0x08000209   Thumb Code     0  __rtentry4.o(.ARM.Collect$$rtentry$$00000004)
    __rt_entry_li                            0x0800020f   Thumb Code     0  __rtentry2.o(.ARM.Collect$$rtentry$$0000000A)
    __rt_entry_postsh_1                      0x0800020f   Thumb Code     0  __rtentry2.o(.ARM.Collect$$rtentry$$00000009)
    __rt_entry_main                          0x08000213   Thumb Code     0  __rtentry2.o(.ARM.Collect$$rtentry$$0000000D)
    __rt_entry_postli_1                      0x08000213   Thumb Code     0  __rtentry2.o(.ARM.Collect$$rtentry$$0000000C)
    __rt_exit                                0x0800021b   Thumb Code     0  rtexit.o(.ARM.Collect$$rtexit$$00000000)
    __rt_exit_ls                             0x0800021d   Thumb Code     0  rtexit2.o(.ARM.Collect$$rtexit$$00000003)
    __rt_exit_prels_1                        0x0800021d   Thumb Code     0  rtexit2.o(.ARM.Collect$$rtexit$$00000002)
    __rt_exit_exit                           0x08000221   Thumb Code     0  rtexit2.o(.ARM.Collect$$rtexit$$00000004)
    SVC_Handler                              0x08000229   Thumb Code    32  port.o(.emb_text)
    __asm___6_port_c_39a90d8d__prvStartFirstTask 0x0800024d   Thumb Code    28  port.o(.emb_text)
    PendSV_Handler                           0x0800026d   Thumb Code    72  port.o(.emb_text)
    vPortGetIPSR                             0x080002b9   Thumb Code     6  port.o(.emb_text)
    xy_fenjie                                0x080002c1   Thumb Code    86  main.o(.text)
    shuma_task                               0x08000317   Thumb Code   454  main.o(.text)
    oled_task                                0x080004dd   Thumb Code    32  main.o(.text)
    led_task                                 0x080004fd   Thumb Code   148  main.o(.text)
    start_task                               0x08000591   Thumb Code   108  main.o(.text)
    main                                     0x080005fd   Thumb Code   112  main.o(.text)
    NMI_Handler                              0x080006cd   Thumb Code     2  stm32f10x_it.o(.text)
    HardFault_Handler                        0x080006cf   Thumb Code     2  stm32f10x_it.o(.text)
    MemManage_Handler                        0x080006d1   Thumb Code     2  stm32f10x_it.o(.text)
    BusFault_Handler                         0x080006d3   Thumb Code     2  stm32f10x_it.o(.text)
    UsageFault_Handler                       0x080006d5   Thumb Code     2  stm32f10x_it.o(.text)
    DebugMon_Handler                         0x080006d7   Thumb Code     2  stm32f10x_it.o(.text)
    SystemInit                               0x08000779   Thumb Code    64  system_stm32f10x.o(.text)
    SystemCoreClockUpdate                    0x080007b9   Thumb Code    86  system_stm32f10x.o(.text)
    TIM3_Int_Init                            0x08000831   Thumb Code    88  timer.o(.text)
    ConfigureTimeForRunTimeStats             0x08000889   Thumb Code    14  timer.o(.text)
    TIM5_Int_Init                            0x08000897   Thumb Code    90  timer.o(.text)
    TIM3_IRQHandler                          0x080008f1   Thumb Code    44  timer.o(.text)
    TIM5_IRQHandler                          0x0800091d   Thumb Code    58  timer.o(.text)
    KEY_Init                                 0x0800096d   Thumb Code    34  key.o(.text)
    KEY_Scan                                 0x0800098f   Thumb Code   114  key.o(.text)
    LED_Init                                 0x08000a09   Thumb Code   146  led.o(.text)
    IIC_Start                                0x08000aa9   Thumb Code    46  oled.o(.text)
    IIC_Stop                                 0x08000ad7   Thumb Code    38  oled.o(.text)
    IIC_Wait_Ack                             0x08000afd   Thumb Code    28  oled.o(.text)
    Write_IIC_Byte                           0x08000b19   Thumb Code    80  oled.o(.text)
    Write_IIC_Command                        0x08000b69   Thumb Code    44  oled.o(.text)
    Write_IIC_Data                           0x08000b95   Thumb Code    44  oled.o(.text)
    OLED_WR_Byte                             0x08000bc1   Thumb Code     8  oled.o(.text)
    fill_picture                             0x08000bc9   Thumb Code    60  oled.o(.text)
    Delay_50ms                               0x08000c05   Thumb Code    20  oled.o(.text)
    Delay_1ms                                0x08000c19   Thumb Code    18  oled.o(.text)
    OLED_Set_Pos                             0x08000c2b   Thumb Code    40  oled.o(.text)
    OLED_Display_On                          0x08000c53   Thumb Code    28  oled.o(.text)
    OLED_Display_Off                         0x08000c6f   Thumb Code    28  oled.o(.text)
    OLED_Clear                               0x08000c8b   Thumb Code    58  oled.o(.text)
    OLED_On                                  0x08000cc5   Thumb Code    58  oled.o(.text)
    OLED_ShowChar                            0x08000cff   Thumb Code   126  oled.o(.text)
    oled_pow                                 0x08000d7d   Thumb Code    16  oled.o(.text)
    OLED_ShowNum                             0x08000d8d   Thumb Code   106  oled.o(.text)
    OLED_ShowString                          0x08000df7   Thumb Code    52  oled.o(.text)
    OLED_ShowCHinese                         0x08000e2b   Thumb Code    72  oled.o(.text)
    OLED_DrawBMP                             0x08000e73   Thumb Code    82  oled.o(.text)
    OLED_Init                                0x08000ec5   Thumb Code   274  oled.o(.text)
    Shuma_Init                               0x08000fdd   Thumb Code    38  shuma.o(.text)
    Shuma_Display                            0x08001003   Thumb Code    24  shuma.o(.text)
    HC38_Init                                0x08001025   Thumb Code    74  hc38.o(.text)
    HC38_Enter_Value                         0x0800106f   Thumb Code    22  hc38.o(.text)
    SysTick_Handler                          0x0800108d   Thumb Code    20  delay.o(.text)
    delay_init                               0x080010a1   Thumb Code    60  delay.o(.text)
    delay_us                                 0x080010dd   Thumb Code    48  delay.o(.text)
    delay_ms                                 0x0800110d   Thumb Code    50  delay.o(.text)
    delay_xms                                0x0800113f   Thumb Code    26  delay.o(.text)
    _sys_exit                                0x08001165   Thumb Code     2  usart.o(.text)
    fputc                                    0x08001167   Thumb Code    18  usart.o(.text)
    uart_init                                0x08001179   Thumb Code   152  usart.o(.text)
    USART1_IRQHandler                        0x08001211   Thumb Code    88  usart.o(.text)
    Reset_Handler                            0x08001279   Thumb Code     8  startup_stm32f10x_hd.o(.text)
    ADC1_2_IRQHandler                        0x08001293   Thumb Code     0  startup_stm32f10x_hd.o(.text)
    ADC3_IRQHandler                          0x08001293   Thumb Code     0  startup_stm32f10x_hd.o(.text)
    CAN1_RX1_IRQHandler                      0x08001293   Thumb Code     0  startup_stm32f10x_hd.o(.text)
    CAN1_SCE_IRQHandler                      0x08001293   Thumb Code     0  startup_stm32f10x_hd.o(.text)
    DMA1_Channel1_IRQHandler                 0x08001293   Thumb Code     0  startup_stm32f10x_hd.o(.text)
    DMA1_Channel2_IRQHandler                 0x08001293   Thumb Code     0  startup_stm32f10x_hd.o(.text)
    DMA1_Channel3_IRQHandler                 0x08001293   Thumb Code     0  startup_stm32f10x_hd.o(.text)
    DMA1_Channel4_IRQHandler                 0x08001293   Thumb Code     0  startup_stm32f10x_hd.o(.text)
    DMA1_Channel5_IRQHandler                 0x08001293   Thumb Code     0  startup_stm32f10x_hd.o(.text)
    DMA1_Channel6_IRQHandler                 0x08001293   Thumb Code     0  startup_stm32f10x_hd.o(.text)
    DMA1_Channel7_IRQHandler                 0x08001293   Thumb Code     0  startup_stm32f10x_hd.o(.text)
    DMA2_Channel1_IRQHandler                 0x08001293   Thumb Code     0  startup_stm32f10x_hd.o(.text)
    DMA2_Channel2_IRQHandler                 0x08001293   Thumb Code     0  startup_stm32f10x_hd.o(.text)
    DMA2_Channel3_IRQHandler                 0x08001293   Thumb Code     0  startup_stm32f10x_hd.o(.text)
    DMA2_Channel4_5_IRQHandler               0x08001293   Thumb Code     0  startup_stm32f10x_hd.o(.text)
    EXTI0_IRQHandler                         0x08001293   Thumb Code     0  startup_stm32f10x_hd.o(.text)
    EXTI15_10_IRQHandler                     0x08001293   Thumb Code     0  startup_stm32f10x_hd.o(.text)
    EXTI1_IRQHandler                         0x08001293   Thumb Code     0  startup_stm32f10x_hd.o(.text)
    EXTI2_IRQHandler                         0x08001293   Thumb Code     0  startup_stm32f10x_hd.o(.text)
    EXTI3_IRQHandler                         0x08001293   Thumb Code     0  startup_stm32f10x_hd.o(.text)
    EXTI4_IRQHandler                         0x08001293   Thumb Code     0  startup_stm32f10x_hd.o(.text)
    EXTI9_5_IRQHandler                       0x08001293   Thumb Code     0  startup_stm32f10x_hd.o(.text)
    FLASH_IRQHandler                         0x08001293   Thumb Code     0  startup_stm32f10x_hd.o(.text)
    FSMC_IRQHandler                          0x08001293   Thumb Code     0  startup_stm32f10x_hd.o(.text)
    I2C1_ER_IRQHandler                       0x08001293   Thumb Code     0  startup_stm32f10x_hd.o(.text)
    I2C1_EV_IRQHandler                       0x08001293   Thumb Code     0  startup_stm32f10x_hd.o(.text)
    I2C2_ER_IRQHandler                       0x08001293   Thumb Code     0  startup_stm32f10x_hd.o(.text)
    I2C2_EV_IRQHandler                       0x08001293   Thumb Code     0  startup_stm32f10x_hd.o(.text)
    PVD_IRQHandler                           0x08001293   Thumb Code     0  startup_stm32f10x_hd.o(.text)
    RCC_IRQHandler                           0x08001293   Thumb Code     0  startup_stm32f10x_hd.o(.text)
    RTCAlarm_IRQHandler                      0x08001293   Thumb Code     0  startup_stm32f10x_hd.o(.text)
    RTC_IRQHandler                           0x08001293   Thumb Code     0  startup_stm32f10x_hd.o(.text)
    SDIO_IRQHandler                          0x08001293   Thumb Code     0  startup_stm32f10x_hd.o(.text)
    SPI1_IRQHandler                          0x08001293   Thumb Code     0  startup_stm32f10x_hd.o(.text)
    SPI2_IRQHandler                          0x08001293   Thumb Code     0  startup_stm32f10x_hd.o(.text)
    SPI3_IRQHandler                          0x08001293   Thumb Code     0  startup_stm32f10x_hd.o(.text)
    TAMPER_IRQHandler                        0x08001293   Thumb Code     0  startup_stm32f10x_hd.o(.text)
    TIM1_BRK_IRQHandler                      0x08001293   Thumb Code     0  startup_stm32f10x_hd.o(.text)
    TIM1_CC_IRQHandler                       0x08001293   Thumb Code     0  startup_stm32f10x_hd.o(.text)
    TIM1_TRG_COM_IRQHandler                  0x08001293   Thumb Code     0  startup_stm32f10x_hd.o(.text)
    TIM1_UP_IRQHandler                       0x08001293   Thumb Code     0  startup_stm32f10x_hd.o(.text)
    TIM2_IRQHandler                          0x08001293   Thumb Code     0  startup_stm32f10x_hd.o(.text)
    TIM4_IRQHandler                          0x08001293   Thumb Code     0  startup_stm32f10x_hd.o(.text)
    TIM6_IRQHandler                          0x08001293   Thumb Code     0  startup_stm32f10x_hd.o(.text)
    TIM7_IRQHandler                          0x08001293   Thumb Code     0  startup_stm32f10x_hd.o(.text)
    TIM8_BRK_IRQHandler                      0x08001293   Thumb Code     0  startup_stm32f10x_hd.o(.text)
    TIM8_CC_IRQHandler                       0x08001293   Thumb Code     0  startup_stm32f10x_hd.o(.text)
    TIM8_TRG_COM_IRQHandler                  0x08001293   Thumb Code     0  startup_stm32f10x_hd.o(.text)
    TIM8_UP_IRQHandler                       0x08001293   Thumb Code     0  startup_stm32f10x_hd.o(.text)
    UART4_IRQHandler                         0x08001293   Thumb Code     0  startup_stm32f10x_hd.o(.text)
    UART5_IRQHandler                         0x08001293   Thumb Code     0  startup_stm32f10x_hd.o(.text)
    USART2_IRQHandler                        0x08001293   Thumb Code     0  startup_stm32f10x_hd.o(.text)
    USART3_IRQHandler                        0x08001293   Thumb Code     0  startup_stm32f10x_hd.o(.text)
    USBWakeUp_IRQHandler                     0x08001293   Thumb Code     0  startup_stm32f10x_hd.o(.text)
    USB_HP_CAN1_TX_IRQHandler                0x08001293   Thumb Code     0  startup_stm32f10x_hd.o(.text)
    USB_LP_CAN1_RX0_IRQHandler               0x08001293   Thumb Code     0  startup_stm32f10x_hd.o(.text)
    WWDG_IRQHandler                          0x08001293   Thumb Code     0  startup_stm32f10x_hd.o(.text)
    __user_initial_stackheap                 0x08001295   Thumb Code     0  startup_stm32f10x_hd.o(.text)
    NVIC_PriorityGroupConfig                 0x080012b9   Thumb Code    10  misc.o(.text)
    NVIC_Init                                0x080012c3   Thumb Code    94  misc.o(.text)
    NVIC_SetVectorTable                      0x08001321   Thumb Code    14  misc.o(.text)
    NVIC_SystemLPConfig                      0x0800132f   Thumb Code    20  misc.o(.text)
    SysTick_CLKSourceConfig                  0x08001343   Thumb Code    24  misc.o(.text)
    GPIO_DeInit                              0x08001369   Thumb Code   152  stm32f10x_gpio.o(.text)
    GPIO_AFIODeInit                          0x08001401   Thumb Code    22  stm32f10x_gpio.o(.text)
    GPIO_Init                                0x08001417   Thumb Code   156  stm32f10x_gpio.o(.text)
    GPIO_StructInit                          0x080014b3   Thumb Code    16  stm32f10x_gpio.o(.text)
    GPIO_ReadInputDataBit                    0x080014c3   Thumb Code    14  stm32f10x_gpio.o(.text)
    GPIO_ReadInputData                       0x080014d1   Thumb Code     6  stm32f10x_gpio.o(.text)
    GPIO_ReadOutputDataBit                   0x080014d7   Thumb Code    14  stm32f10x_gpio.o(.text)
    GPIO_ReadOutputData                      0x080014e5   Thumb Code     6  stm32f10x_gpio.o(.text)
    GPIO_SetBits                             0x080014eb   Thumb Code     4  stm32f10x_gpio.o(.text)
    GPIO_ResetBits                           0x080014ef   Thumb Code     4  stm32f10x_gpio.o(.text)
    GPIO_WriteBit                            0x080014f3   Thumb Code    10  stm32f10x_gpio.o(.text)
    GPIO_Write                               0x080014fd   Thumb Code     4  stm32f10x_gpio.o(.text)
    GPIO_PinLockConfig                       0x08001501   Thumb Code    16  stm32f10x_gpio.o(.text)
    GPIO_EventOutputConfig                   0x08001511   Thumb Code    22  stm32f10x_gpio.o(.text)
    GPIO_EventOutputCmd                      0x08001527   Thumb Code     6  stm32f10x_gpio.o(.text)
    GPIO_PinRemapConfig                      0x0800152d   Thumb Code    82  stm32f10x_gpio.o(.text)
    GPIO_EXTILineConfig                      0x0800157f   Thumb Code    34  stm32f10x_gpio.o(.text)
    GPIO_ETH_MediaInterfaceConfig            0x080015a1   Thumb Code     8  stm32f10x_gpio.o(.text)
    RCC_DeInit                               0x080015cd   Thumb Code    50  stm32f10x_rcc.o(.text)
    RCC_HSEConfig                            0x080015ff   Thumb Code    48  stm32f10x_rcc.o(.text)
    RCC_GetFlagStatus                        0x0800162f   Thumb Code    42  stm32f10x_rcc.o(.text)
    RCC_WaitForHSEStartUp                    0x08001659   Thumb Code    44  stm32f10x_rcc.o(.text)
    RCC_AdjustHSICalibrationValue            0x08001685   Thumb Code    16  stm32f10x_rcc.o(.text)
    RCC_HSICmd                               0x08001695   Thumb Code     6  stm32f10x_rcc.o(.text)
    RCC_PLLConfig                            0x0800169b   Thumb Code    16  stm32f10x_rcc.o(.text)
    RCC_PLLCmd                               0x080016ab   Thumb Code     6  stm32f10x_rcc.o(.text)
    RCC_SYSCLKConfig                         0x080016b1   Thumb Code    14  stm32f10x_rcc.o(.text)
    RCC_GetSYSCLKSource                      0x080016bf   Thumb Code    10  stm32f10x_rcc.o(.text)
    RCC_HCLKConfig                           0x080016c9   Thumb Code    14  stm32f10x_rcc.o(.text)
    RCC_PCLK1Config                          0x080016d7   Thumb Code    14  stm32f10x_rcc.o(.text)
    RCC_PCLK2Config                          0x080016e5   Thumb Code    16  stm32f10x_rcc.o(.text)
    RCC_ITConfig                             0x080016f5   Thumb Code    18  stm32f10x_rcc.o(.text)
    RCC_USBCLKConfig                         0x08001707   Thumb Code     8  stm32f10x_rcc.o(.text)
    RCC_ADCCLKConfig                         0x0800170f   Thumb Code    14  stm32f10x_rcc.o(.text)
    RCC_LSEConfig                            0x0800171d   Thumb Code    28  stm32f10x_rcc.o(.text)
    RCC_LSICmd                               0x08001739   Thumb Code     6  stm32f10x_rcc.o(.text)
    RCC_RTCCLKConfig                         0x0800173f   Thumb Code    10  stm32f10x_rcc.o(.text)
    RCC_RTCCLKCmd                            0x08001749   Thumb Code     8  stm32f10x_rcc.o(.text)
    RCC_GetClocksFreq                        0x08001751   Thumb Code   132  stm32f10x_rcc.o(.text)
    RCC_AHBPeriphClockCmd                    0x080017d5   Thumb Code    18  stm32f10x_rcc.o(.text)
    RCC_APB2PeriphClockCmd                   0x080017e7   Thumb Code    18  stm32f10x_rcc.o(.text)
    RCC_APB1PeriphClockCmd                   0x080017f9   Thumb Code    18  stm32f10x_rcc.o(.text)
    RCC_APB2PeriphResetCmd                   0x0800180b   Thumb Code    18  stm32f10x_rcc.o(.text)
    RCC_APB1PeriphResetCmd                   0x0800181d   Thumb Code    18  stm32f10x_rcc.o(.text)
    RCC_BackupResetCmd                       0x0800182f   Thumb Code     8  stm32f10x_rcc.o(.text)
    RCC_ClockSecuritySystemCmd               0x08001837   Thumb Code     6  stm32f10x_rcc.o(.text)
    RCC_MCOConfig                            0x0800183d   Thumb Code     6  stm32f10x_rcc.o(.text)
    RCC_ClearFlag                            0x08001843   Thumb Code    12  stm32f10x_rcc.o(.text)
    RCC_GetITStatus                          0x0800184f   Thumb Code    16  stm32f10x_rcc.o(.text)
    RCC_ClearITPendingBit                    0x0800185f   Thumb Code     6  stm32f10x_rcc.o(.text)
    USART_DeInit                             0x08001885   Thumb Code    96  stm32f10x_usart.o(.text)
    USART_Init                               0x080018e5   Thumb Code   166  stm32f10x_usart.o(.text)
    USART_StructInit                         0x0800198b   Thumb Code    22  stm32f10x_usart.o(.text)
    USART_ClockInit                          0x080019a1   Thumb Code    30  stm32f10x_usart.o(.text)
    USART_ClockStructInit                    0x080019bf   Thumb Code    12  stm32f10x_usart.o(.text)
    USART_Cmd                                0x080019cb   Thumb Code    20  stm32f10x_usart.o(.text)
    USART_ITConfig                           0x080019df   Thumb Code    48  stm32f10x_usart.o(.text)
    USART_DMACmd                             0x08001a0f   Thumb Code    16  stm32f10x_usart.o(.text)
    USART_SetAddress                         0x08001a1f   Thumb Code    16  stm32f10x_usart.o(.text)
    USART_WakeUpConfig                       0x08001a2f   Thumb Code    16  stm32f10x_usart.o(.text)
    USART_ReceiverWakeUpCmd                  0x08001a3f   Thumb Code    20  stm32f10x_usart.o(.text)
    USART_LINBreakDetectLengthConfig         0x08001a53   Thumb Code    16  stm32f10x_usart.o(.text)
    USART_LINCmd                             0x08001a63   Thumb Code    20  stm32f10x_usart.o(.text)
    USART_SendData                           0x08001a77   Thumb Code     8  stm32f10x_usart.o(.text)
    USART_ReceiveData                        0x08001a7f   Thumb Code     8  stm32f10x_usart.o(.text)
    USART_SendBreak                          0x08001a87   Thumb Code    10  stm32f10x_usart.o(.text)
    USART_SetGuardTime                       0x08001a91   Thumb Code    16  stm32f10x_usart.o(.text)
    USART_SetPrescaler                       0x08001aa1   Thumb Code    16  stm32f10x_usart.o(.text)
    USART_SmartCardCmd                       0x08001ab1   Thumb Code    20  stm32f10x_usart.o(.text)
    USART_SmartCardNACKCmd                   0x08001ac5   Thumb Code    20  stm32f10x_usart.o(.text)
    USART_HalfDuplexCmd                      0x08001ad9   Thumb Code    20  stm32f10x_usart.o(.text)
    USART_OverSampling8Cmd                   0x08001aed   Thumb Code    20  stm32f10x_usart.o(.text)
    USART_OneBitMethodCmd                    0x08001b01   Thumb Code    20  stm32f10x_usart.o(.text)
    USART_IrDAConfig                         0x08001b15   Thumb Code    16  stm32f10x_usart.o(.text)
    USART_IrDACmd                            0x08001b25   Thumb Code    20  stm32f10x_usart.o(.text)
    USART_GetFlagStatus                      0x08001b39   Thumb Code    14  stm32f10x_usart.o(.text)
    USART_ClearFlag                          0x08001b47   Thumb Code     6  stm32f10x_usart.o(.text)
    USART_GetITStatus                        0x08001b4d   Thumb Code    62  stm32f10x_usart.o(.text)
    USART_ClearITPendingBit                  0x08001b8b   Thumb Code    12  stm32f10x_usart.o(.text)
    TIM_DeInit                               0x08001bad   Thumb Code   304  stm32f10x_tim.o(.text)
    TIM_TimeBaseInit                         0x08001cdd   Thumb Code   114  stm32f10x_tim.o(.text)
    TIM_OC1Init                              0x08001d4f   Thumb Code   106  stm32f10x_tim.o(.text)
    TIM_OC2Init                              0x08001db9   Thumb Code   120  stm32f10x_tim.o(.text)
    TIM_OC3Init                              0x08001e31   Thumb Code   116  stm32f10x_tim.o(.text)
    TIM_OC4Init                              0x08001ea5   Thumb Code    90  stm32f10x_tim.o(.text)
    TIM_SetIC4Prescaler                      0x08001eff   Thumb Code    24  stm32f10x_tim.o(.text)
    TIM_SetIC3Prescaler                      0x08001f17   Thumb Code    16  stm32f10x_tim.o(.text)
    TIM_SetIC2Prescaler                      0x08001f27   Thumb Code    24  stm32f10x_tim.o(.text)
    TIM_SetIC1Prescaler                      0x08001fe5   Thumb Code    16  stm32f10x_tim.o(.text)
    TIM_ICInit                               0x0800204d   Thumb Code   270  stm32f10x_tim.o(.text)
    TIM_PWMIConfig                           0x0800215b   Thumb Code   104  stm32f10x_tim.o(.text)
    TIM_BDTRConfig                           0x080021c3   Thumb Code    34  stm32f10x_tim.o(.text)
    TIM_TimeBaseStructInit                   0x080021e5   Thumb Code    18  stm32f10x_tim.o(.text)
    TIM_OCStructInit                         0x080021f7   Thumb Code    20  stm32f10x_tim.o(.text)
    TIM_ICStructInit                         0x0800220b   Thumb Code    16  stm32f10x_tim.o(.text)
    TIM_BDTRStructInit                       0x0800221b   Thumb Code    18  stm32f10x_tim.o(.text)
    TIM_Cmd                                  0x0800222d   Thumb Code    20  stm32f10x_tim.o(.text)
    TIM_CtrlPWMOutputs                       0x08002241   Thumb Code    22  stm32f10x_tim.o(.text)
    TIM_ITConfig                             0x08002257   Thumb Code    16  stm32f10x_tim.o(.text)
    TIM_GenerateEvent                        0x08002267   Thumb Code     4  stm32f10x_tim.o(.text)
    TIM_DMAConfig                            0x0800226b   Thumb Code     8  stm32f10x_tim.o(.text)
    TIM_DMACmd                               0x08002273   Thumb Code    16  stm32f10x_tim.o(.text)
    TIM_InternalClockConfig                  0x08002283   Thumb Code    10  stm32f10x_tim.o(.text)
    TIM_SelectInputTrigger                   0x0800228d   Thumb Code    12  stm32f10x_tim.o(.text)
    TIM_ITRxExternalClockConfig              0x08002299   Thumb Code    18  stm32f10x_tim.o(.text)
    TIM_TIxExternalClockConfig               0x080022ab   Thumb Code    46  stm32f10x_tim.o(.text)
    TIM_ETRConfig                            0x080022d9   Thumb Code    24  stm32f10x_tim.o(.text)
    TIM_ETRClockMode1Config                  0x080022f1   Thumb Code    18  stm32f10x_tim.o(.text)
    TIM_ETRClockMode2Config                  0x08002303   Thumb Code    18  stm32f10x_tim.o(.text)
    TIM_PrescalerConfig                      0x08002315   Thumb Code     6  stm32f10x_tim.o(.text)
    TIM_CounterModeConfig                    0x0800231b   Thumb Code    12  stm32f10x_tim.o(.text)
    TIM_EncoderInterfaceConfig               0x08002327   Thumb Code    50  stm32f10x_tim.o(.text)
    TIM_ForcedOC1Config                      0x08002359   Thumb Code    12  stm32f10x_tim.o(.text)
    TIM_ForcedOC2Config                      0x08002365   Thumb Code    20  stm32f10x_tim.o(.text)
    TIM_ForcedOC3Config                      0x08002379   Thumb Code    12  stm32f10x_tim.o(.text)
    TIM_ForcedOC4Config                      0x08002385   Thumb Code    20  stm32f10x_tim.o(.text)
    TIM_ARRPreloadConfig                     0x08002399   Thumb Code    20  stm32f10x_tim.o(.text)
    TIM_SelectCOM                            0x080023ad   Thumb Code    20  stm32f10x_tim.o(.text)
    TIM_SelectCCDMA                          0x080023c1   Thumb Code    20  stm32f10x_tim.o(.text)
    TIM_CCPreloadControl                     0x080023d5   Thumb Code    20  stm32f10x_tim.o(.text)
    TIM_OC1PreloadConfig                     0x080023e9   Thumb Code    32  stm32f10x_tim.o(.text)
    TIM_OC2PreloadConfig                     0x08002409   Thumb Code    20  stm32f10x_tim.o(.text)
    TIM_OC3PreloadConfig                     0x0800241d   Thumb Code    12  stm32f10x_tim.o(.text)
    TIM_OC4PreloadConfig                     0x08002429   Thumb Code    20  stm32f10x_tim.o(.text)
    TIM_OC1FastConfig                        0x0800243d   Thumb Code    12  stm32f10x_tim.o(.text)
    TIM_OC2FastConfig                        0x08002449   Thumb Code    20  stm32f10x_tim.o(.text)
    TIM_OC3FastConfig                        0x0800245d   Thumb Code    12  stm32f10x_tim.o(.text)
    TIM_OC4FastConfig                        0x08002469   Thumb Code    20  stm32f10x_tim.o(.text)
    TIM_ClearOC1Ref                          0x0800247d   Thumb Code    12  stm32f10x_tim.o(.text)
    TIM_ClearOC2Ref                          0x08002489   Thumb Code    20  stm32f10x_tim.o(.text)
    TIM_ClearOC3Ref                          0x0800249d   Thumb Code    12  stm32f10x_tim.o(.text)
    TIM_ClearOC4Ref                          0x080024a9   Thumb Code    20  stm32f10x_tim.o(.text)
    TIM_OC1PolarityConfig                    0x080024bd   Thumb Code    12  stm32f10x_tim.o(.text)
    TIM_OC1NPolarityConfig                   0x080024c9   Thumb Code    12  stm32f10x_tim.o(.text)
    TIM_OC2PolarityConfig                    0x080024d5   Thumb Code    20  stm32f10x_tim.o(.text)
    TIM_OC2NPolarityConfig                   0x080024e9   Thumb Code    20  stm32f10x_tim.o(.text)
    TIM_OC3PolarityConfig                    0x080024fd   Thumb Code    20  stm32f10x_tim.o(.text)
    TIM_OC3NPolarityConfig                   0x08002511   Thumb Code    20  stm32f10x_tim.o(.text)
    TIM_OC4PolarityConfig                    0x08002525   Thumb Code    20  stm32f10x_tim.o(.text)
    TIM_CCxCmd                               0x08002539   Thumb Code    22  stm32f10x_tim.o(.text)
    TIM_CCxNCmd                              0x0800254f   Thumb Code    22  stm32f10x_tim.o(.text)
    TIM_SelectOCxM                           0x08002565   Thumb Code    70  stm32f10x_tim.o(.text)
    TIM_UpdateDisableConfig                  0x080025ab   Thumb Code    20  stm32f10x_tim.o(.text)
    TIM_UpdateRequestConfig                  0x080025bf   Thumb Code    20  stm32f10x_tim.o(.text)
    TIM_SelectHallSensor                     0x080025d3   Thumb Code    20  stm32f10x_tim.o(.text)
    TIM_SelectOnePulseMode                   0x080025e7   Thumb Code    16  stm32f10x_tim.o(.text)
    TIM_SelectOutputTrigger                  0x080025f7   Thumb Code    16  stm32f10x_tim.o(.text)
    TIM_SelectSlaveMode                      0x08002607   Thumb Code    16  stm32f10x_tim.o(.text)
    TIM_SelectMasterSlaveMode                0x08002617   Thumb Code    16  stm32f10x_tim.o(.text)
    TIM_SetCounter                           0x08002627   Thumb Code     4  stm32f10x_tim.o(.text)
    TIM_SetAutoreload                        0x0800262b   Thumb Code     4  stm32f10x_tim.o(.text)
    TIM_SetCompare1                          0x0800262f   Thumb Code     4  stm32f10x_tim.o(.text)
    TIM_SetCompare2                          0x08002633   Thumb Code     4  stm32f10x_tim.o(.text)
    TIM_SetCompare3                          0x08002637   Thumb Code     4  stm32f10x_tim.o(.text)
    TIM_SetCompare4                          0x0800263b   Thumb Code     6  stm32f10x_tim.o(.text)
    TIM_SetClockDivision                     0x08002641   Thumb Code    16  stm32f10x_tim.o(.text)
    TIM_GetCapture1                          0x08002651   Thumb Code     4  stm32f10x_tim.o(.text)
    TIM_GetCapture2                          0x08002655   Thumb Code     4  stm32f10x_tim.o(.text)
    TIM_GetCapture3                          0x08002659   Thumb Code     4  stm32f10x_tim.o(.text)
    TIM_GetCapture4                          0x0800265d   Thumb Code     6  stm32f10x_tim.o(.text)
    TIM_GetCounter                           0x08002663   Thumb Code     4  stm32f10x_tim.o(.text)
    TIM_GetPrescaler                         0x08002667   Thumb Code     4  stm32f10x_tim.o(.text)
    TIM_GetFlagStatus                        0x0800266b   Thumb Code    14  stm32f10x_tim.o(.text)
    TIM_ClearFlag                            0x08002679   Thumb Code     6  stm32f10x_tim.o(.text)
    TIM_GetITStatus                          0x0800267f   Thumb Code    24  stm32f10x_tim.o(.text)
    TIM_ClearITPendingBit                    0x08002697   Thumb Code     6  stm32f10x_tim.o(.text)
    vListInitialise                          0x0800269d   Thumb Code    22  list.o(.text)
    vListInitialiseItem                      0x080026b3   Thumb Code     6  list.o(.text)
    vListInsertEnd                           0x080026b9   Thumb Code    24  list.o(.text)
    vListInsert                              0x080026d1   Thumb Code    48  list.o(.text)
    uxListRemove                             0x08002701   Thumb Code    36  list.o(.text)
    xQueueGenericReset                       0x08002725   Thumb Code   128  queue.o(.text)
    xQueueGenericCreate                      0x080027a5   Thumb Code    82  queue.o(.text)
    xQueueGenericSend                        0x08002945   Thumb Code   350  queue.o(.text)
    xQueueCreateMutex                        0x08002aa3   Thumb Code    36  queue.o(.text)
    xQueueGiveMutexRecursive                 0x08002ac7   Thumb Code    98  queue.o(.text)
    xQueueGenericReceive                     0x08002b4f   Thumb Code   356  queue.o(.text)
    xQueueTakeMutexRecursive                 0x08002cb3   Thumb Code    68  queue.o(.text)
    xQueueCreateCountingSemaphore            0x08002cf7   Thumb Code    62  queue.o(.text)
    xQueueGenericSendFromISR                 0x08002d35   Thumb Code   200  queue.o(.text)
    xQueueGiveFromISR                        0x08002dfd   Thumb Code   172  queue.o(.text)
    xQueueReceiveFromISR                     0x08002ea9   Thumb Code   150  queue.o(.text)
    xQueuePeekFromISR                        0x08002f3f   Thumb Code   114  queue.o(.text)
    uxQueueMessagesWaiting                   0x08002fb1   Thumb Code    36  queue.o(.text)
    uxQueueSpacesAvailable                   0x08002fd5   Thumb Code    40  queue.o(.text)
    uxQueueMessagesWaitingFromISR            0x08002ffd   Thumb Code    26  queue.o(.text)
    vQueueUnregisterQueue                    0x08003017   Thumb Code    36  queue.o(.text)
    vQueueDelete                             0x0800303b   Thumb Code    38  queue.o(.text)
    uxQueueGetQueueNumber                    0x08003061   Thumb Code     4  queue.o(.text)
    vQueueSetQueueNumber                     0x08003065   Thumb Code     4  queue.o(.text)
    ucQueueGetQueueType                      0x08003069   Thumb Code     6  queue.o(.text)
    xQueueIsQueueEmptyFromISR                0x0800306f   Thumb Code    34  queue.o(.text)
    xQueueIsQueueFullFromISR                 0x08003091   Thumb Code    38  queue.o(.text)
    vQueueAddToRegistry                      0x080030b7   Thumb Code    32  queue.o(.text)
    pcQueueGetName                           0x080030d7   Thumb Code    34  queue.o(.text)
    vQueueWaitForMessageRestricted           0x080030f9   Thumb Code    68  queue.o(.text)
    xQueueCreateSet                          0x0800313d   Thumb Code     8  queue.o(.text)
    xQueueAddToSet                           0x08003145   Thumb Code    34  queue.o(.text)
    xQueueRemoveFromSet                      0x08003167   Thumb Code    34  queue.o(.text)
    xQueueSelectFromSet                      0x08003189   Thumb Code    18  queue.o(.text)
    xQueueSelectFromSetFromISR               0x0800319b   Thumb Code    18  queue.o(.text)
    xTaskCreate                              0x08003291   Thumb Code    86  tasks.o(.text)
    vTaskDelete                              0x080032e7   Thumb Code   154  tasks.o(.text)
    xTaskIncrementTick                       0x08003381   Thumb Code   186  tasks.o(.text)
    xTaskResumeAll                           0x0800343b   Thumb Code   182  tasks.o(.text)
    vTaskSuspendAll                          0x08003557   Thumb Code    10  tasks.o(.text)
    vTaskDelayUntil                          0x08003561   Thumb Code   180  tasks.o(.text)
    vTaskDelay                               0x08003615   Thumb Code    66  tasks.o(.text)
    eTaskGetState                            0x08003657   Thumb Code    94  tasks.o(.text)
    uxTaskPriorityGet                        0x080036b5   Thumb Code    24  tasks.o(.text)
    uxTaskPriorityGetFromISR                 0x080036cd   Thumb Code    40  tasks.o(.text)
    vTaskPrioritySet                         0x080036f5   Thumb Code   184  tasks.o(.text)
    vTaskSwitchContext                       0x080037ad   Thumb Code    84  tasks.o(.text)
    vTaskSuspend                             0x08003801   Thumb Code   156  tasks.o(.text)
    vTaskResume                              0x080038cd   Thumb Code   116  tasks.o(.text)
    xTaskResumeFromISR                       0x08003941   Thumb Code   126  tasks.o(.text)
    vTaskStartScheduler                      0x080039dd   Thumb Code   130  tasks.o(.text)
    vTaskEndScheduler                        0x08003a5f   Thumb Code    24  tasks.o(.text)
    xTaskGetTickCount                        0x08003a77   Thumb Code     6  tasks.o(.text)
    xTaskGetTickCountFromISR                 0x08003a7d   Thumb Code    12  tasks.o(.text)
    uxTaskGetNumberOfTasks                   0x08003a89   Thumb Code     6  tasks.o(.text)
    pcTaskGetName                            0x08003a8f   Thumb Code    38  tasks.o(.text)
    vTaskGetInfo                             0x08003ab5   Thumb Code   126  tasks.o(.text)
    uxTaskGetSystemState                     0x08003b87   Thumb Code   156  tasks.o(.text)
    vTaskPlaceOnEventList                    0x08003c23   Thumb Code    46  tasks.o(.text)
    vTaskPlaceOnUnorderedEventList           0x08003c51   Thumb Code    78  tasks.o(.text)
    vTaskPlaceOnEventListRestricted          0x08003c9f   Thumb Code    54  tasks.o(.text)
    xTaskRemoveFromEventList                 0x08003cd5   Thumb Code   106  tasks.o(.text)
    xTaskRemoveFromUnorderedEventList        0x08003d3f   Thumb Code   116  tasks.o(.text)
    vTaskSetTimeOutState                     0x08003db3   Thumb Code    34  tasks.o(.text)
    xTaskCheckForTimeOut                     0x08003dd5   Thumb Code   114  tasks.o(.text)
    vTaskMissedYield                         0x08003e47   Thumb Code     8  tasks.o(.text)
    uxTaskGetTaskNumber                      0x08003e4f   Thumb Code     8  tasks.o(.text)
    vTaskSetTaskNumber                       0x08003e57   Thumb Code     8  tasks.o(.text)
    xTaskGetCurrentTaskHandle                0x08003e5f   Thumb Code     6  tasks.o(.text)
    xTaskGetSchedulerState                   0x08003e65   Thumb Code    22  tasks.o(.text)
    vTaskPriorityInherit                     0x08003e7b   Thumb Code   124  tasks.o(.text)
    xTaskPriorityDisinherit                  0x08003ef7   Thumb Code   144  tasks.o(.text)
    vTaskList                                0x08003f87   Thumb Code   188  tasks.o(.text)
    uxTaskResetEventItemValue                0x08004043   Thumb Code    20  tasks.o(.text)
    pvTaskIncrementMutexHeldCount            0x08004057   Thumb Code    18  tasks.o(.text)
    ulTaskNotifyTake                         0x08004069   Thumb Code    96  tasks.o(.text)
    xTaskNotifyWait                          0x080040c9   Thumb Code   128  tasks.o(.text)
    xTaskGenericNotify                       0x08004149   Thumb Code   190  tasks.o(.text)
    xTaskGenericNotifyFromISR                0x08004207   Thumb Code   256  tasks.o(.text)
    vTaskNotifyGiveFromISR                   0x08004307   Thumb Code   168  tasks.o(.text)
    xTaskNotifyStateClear                    0x080043af   Thumb Code    44  tasks.o(.text)
    xTimerGenericCommand                     0x08004551   Thumb Code    98  timers.o(.text)
    xTimerCreateTimerTask                    0x080046d7   Thumb Code    58  timers.o(.text)
    xTimerCreate                             0x08004711   Thumb Code    72  timers.o(.text)
    xTimerGetTimerDaemonTaskHandle           0x08004759   Thumb Code    24  timers.o(.text)
    xTimerGetPeriod                          0x08004771   Thumb Code    22  timers.o(.text)
    xTimerGetExpiryTime                      0x08004787   Thumb Code    22  timers.o(.text)
    pcTimerGetName                           0x0800479d   Thumb Code    22  timers.o(.text)
    xTimerIsTimerActive                      0x080047b3   Thumb Code    40  timers.o(.text)
    pvTimerGetTimerID                        0x080047db   Thumb Code    32  timers.o(.text)
    vTimerSetTimerID                         0x080047fb   Thumb Code    34  timers.o(.text)
    xTimerPendFunctionCallFromISR            0x0800481d   Thumb Code    34  timers.o(.text)
    xTimerPendFunctionCall                   0x0800483f   Thumb Code    60  timers.o(.text)
    pxPortInitialiseStack                    0x08004a57   Thumb Code    32  port.o(.text)
    vPortSetupTimerInterrupt                 0x08004a77   Thumb Code    26  port.o(.text)
    xPortStartScheduler                      0x08004a91   Thumb Code   108  port.o(.text)
    vPortEndScheduler                        0x08004afd   Thumb Code    24  port.o(.text)
    vPortEnterCritical                       0x08004b15   Thumb Code    52  port.o(.text)
    vPortExitCritical                        0x08004b49   Thumb Code    34  port.o(.text)
    xPortSysTickHandler                      0x08004b6b   Thumb Code    40  port.o(.text)
    vPortValidateInterruptPriority           0x08004b93   Thumb Code    72  port.o(.text)
    pvPortMalloc                             0x08004c75   Thumb Code   214  heap_4.o(.text)
    vPortFree                                0x08004d4b   Thumb Code    96  heap_4.o(.text)
    xPortGetFreeHeapSize                     0x08004dab   Thumb Code     8  heap_4.o(.text)
    xPortGetMinimumEverFreeHeapSize          0x08004db3   Thumb Code     8  heap_4.o(.text)
    vPortInitialiseBlocks                    0x08004dbb   Thumb Code     2  heap_4.o(.text)
    __use_no_semihosting                     0x08004e41   Thumb Code     2  use_no_semi_2.o(.text)
    __2printf                                0x08004e45   Thumb Code    20  noretval__2printf.o(.text)
    __2sprintf                               0x08004e5d   Thumb Code    34  noretval__2sprintf.o(.text)
    __printf                                 0x08004e85   Thumb Code   104  __printf.o(.text)
    _printf_str                              0x08004eed   Thumb Code    82  _printf_str.o(.text)
    _printf_int_dec                          0x08004f41   Thumb Code   104  _printf_dec.o(.text)
    strcpy                                   0x08004fb9   Thumb Code    72  strcpy.o(.text)
    strlen                                   0x08005001   Thumb Code    62  strlen.o(.text)
    __aeabi_memcpy                           0x0800503f   Thumb Code     0  rt_memcpy_v6.o(.text)
    __rt_memcpy                              0x0800503f   Thumb Code   138  rt_memcpy_v6.o(.text)
    _memcpy_lastbytes                        0x080050a5   Thumb Code     0  rt_memcpy_v6.o(.text)
    __aeabi_memset                           0x080050c9   Thumb Code    16  aeabi_memset.o(.text)
    __use_two_region_memory                  0x080050d9   Thumb Code     2  heapauxi.o(.text)
    __rt_heap_escrow$2region                 0x080050db   Thumb Code     2  heapauxi.o(.text)
    __rt_heap_expand$2region                 0x080050dd   Thumb Code     2  heapauxi.o(.text)
    __I$use$semihosting                      0x080050df   Thumb Code     0  use_no_semi.o(.text)
    __use_no_semihosting_swi                 0x080050df   Thumb Code     2  use_no_semi.o(.text)
    _printf_int_common                       0x080050e1   Thumb Code   178  _printf_intcommon.o(.text)
    _printf_char_common                      0x0800519f   Thumb Code    32  _printf_char_common.o(.text)
    _sputc                                   0x080051c5   Thumb Code    10  _sputc.o(.text)
    _printf_cs_common                        0x080051cf   Thumb Code    20  _printf_char.o(.text)
    _printf_char                             0x080051e3   Thumb Code    16  _printf_char.o(.text)
    _printf_string                           0x080051f3   Thumb Code     8  _printf_char.o(.text)
    _printf_char_file                        0x080051fd   Thumb Code    32  _printf_char_file.o(.text)
    __aeabi_memcpy4                          0x08005221   Thumb Code     0  rt_memcpy_w.o(.text)
    __aeabi_memcpy8                          0x08005221   Thumb Code     0  rt_memcpy_w.o(.text)
    __rt_memcpy_w                            0x08005221   Thumb Code   100  rt_memcpy_w.o(.text)
    _memcpy_lastbytes_aligned                0x08005269   Thumb Code     0  rt_memcpy_w.o(.text)
    __aeabi_memclr                           0x08005285   Thumb Code     0  rt_memclr.o(.text)
    __rt_memclr                              0x08005285   Thumb Code    68  rt_memclr.o(.text)
    _memset                                  0x08005289   Thumb Code     0  rt_memclr.o(.text)
    ferror                                   0x080052c9   Thumb Code     8  ferror.o(.text)
    __aeabi_memclr4                          0x080052d1   Thumb Code     0  rt_memclr_w.o(.text)
    __aeabi_memclr8                          0x080052d1   Thumb Code     0  rt_memclr_w.o(.text)
    __rt_memclr_w                            0x080052d1   Thumb Code    78  rt_memclr_w.o(.text)
    _memset_w                                0x080052d5   Thumb Code     0  rt_memclr_w.o(.text)
    __user_setup_stackheap                   0x0800531f   Thumb Code    74  sys_stackheap_outer.o(.text)
    exit                                     0x08005369   Thumb Code    18  exit.o(.text)
    __user_libspace                          0x0800537d   Thumb Code     8  libspace.o(.text)
    __user_perproc_libspace                  0x0800537d   Thumb Code     0  libspace.o(.text)
    __user_perthread_libspace                0x0800537d   Thumb Code     0  libspace.o(.text)
    F6x8                                     0x08005384   Data         552  oled.o(.constdata)
    F8X16                                    0x080055ac   Data        1520  oled.o(.constdata)
    Region$$Table$$Base                      0x08005b9c   Number         0  anon$$obj.o(Region$$Table)
    Region$$Table$$Limit                     0x08005bbc   Number         0  anon$$obj.o(Region$$Table)
    Count                                    0x20000000   Data           1  main.o(.data)
    LineNum                                  0x20000001   Data           1  main.o(.data)
    RowNum                                   0x20000002   Data           1  main.o(.data)
    Key_Num                                  0x20000003   Data           1  main.o(.data)
    plus                                     0x20000004   Data           1  main.o(.data)
    position_x                               0x20000005   Data           1  main.o(.data)
    position_y                               0x20000006   Data           1  main.o(.data)
    len                                      0x20000007   Data           1  main.o(.data)
    StartTask_Handler                        0x20000008   Data           4  main.o(.data)
    LEDTask_Handler                          0x2000000c   Data           4  main.o(.data)
    OLEDTask_Handler                         0x20000010   Data           4  main.o(.data)
    SHUMATask_Handler                        0x20000014   Data           4  main.o(.data)
    BinarySemaphore                          0x20000018   Data           4  main.o(.data)
    position                                 0x2000001c   Data           8  main.o(.data)
    SystemCoreClock                          0x20000024   Data           4  system_stm32f10x.o(.data)
    AHBPrescTable                            0x20000028   Data          16  system_stm32f10x.o(.data)
    FreeRTOSRunTimeTicks                     0x20000038   Data           8  timer.o(.data)
    Hzk                                      0x20000041   Data         896  oled.o(.data)
    shuma_table                              0x200003c1   Data          16  shuma.o(.data)
    USART_RX_STA                             0x200003d6   Data           2  usart.o(.data)
    __stdout                                 0x200003d8   Data           4  usart.o(.data)
    pxCurrentTCB                             0x200003f0   Data           4  tasks.o(.data)
    USART_RX_BUF                             0x20000464   Data         200  usart.o(.bss)
    xQueueRegistry                           0x2000052c   Data          64  queue.o(.bss)
    __libspace_start                         0x20005878   Data          96  libspace.o(.bss)
    __temporary_stack_top$libspace           0x200058d8   Data           0  libspace.o(.bss)



==============================================================================

Memory Map of the image

  Image Entry point : 0x08000131

  Load Region LR_IROM1 (Base: 0x08000000, Size: 0x00006020, Max: 0x00040000, ABSOLUTE, COMPRESSED[0x00005d6c])

    Execution Region ER_IROM1 (Base: 0x08000000, Size: 0x00005bbc, Max: 0x00040000, ABSOLUTE)

    Base Addr    Size         Type   Attr      Idx    E Section Name        Object

    0x08000000   0x00000130   Data   RO          409    RESET               startup_stm32f10x_hd.o
    0x08000130   0x00000008   Code   RO          703  * !!!main             c_w.l(__main.o)
    0x08000138   0x00000034   Code   RO          883    !!!scatter          c_w.l(__scatter.o)
    0x0800016c   0x0000005a   Code   RO          881    !!dczerorl2         c_w.l(__dczerorl2.o)
    0x080001c6   0x00000002   PAD
    0x080001c8   0x0000001c   Code   RO          885    !!handler_zi        c_w.l(__scatter_zi.o)
    0x080001e4   0x00000000   Code   RO          692    .ARM.Collect$$_printf_percent$$00000000  c_w.l(_printf_percent.o)
    0x080001e4   0x00000006   Code   RO          690    .ARM.Collect$$_printf_percent$$00000009  c_w.l(_printf_d.o)
    0x080001ea   0x00000006   Code   RO          691    .ARM.Collect$$_printf_percent$$0000000A  c_w.l(_printf_u.o)
    0x080001f0   0x00000006   Code   RO          688    .ARM.Collect$$_printf_percent$$00000013  c_w.l(_printf_c.o)
    0x080001f6   0x00000006   Code   RO          689    .ARM.Collect$$_printf_percent$$00000014  c_w.l(_printf_s.o)
    0x080001fc   0x00000004   Code   RO          718    .ARM.Collect$$_printf_percent$$00000017  c_w.l(_printf_percent_end.o)
    0x08000200   0x00000002   Code   RO          755    .ARM.Collect$$libinit$$00000000  c_w.l(libinit.o)
    0x08000202   0x00000000   Code   RO          762    .ARM.Collect$$libinit$$00000002  c_w.l(libinit2.o)
    0x08000202   0x00000000   Code   RO          764    .ARM.Collect$$libinit$$00000004  c_w.l(libinit2.o)
    0x08000202   0x00000000   Code   RO          767    .ARM.Collect$$libinit$$0000000A  c_w.l(libinit2.o)
    0x08000202   0x00000000   Code   RO          769    .ARM.Collect$$libinit$$0000000C  c_w.l(libinit2.o)
    0x08000202   0x00000000   Code   RO          771    .ARM.Collect$$libinit$$0000000E  c_w.l(libinit2.o)
    0x08000202   0x00000000   Code   RO          774    .ARM.Collect$$libinit$$00000011  c_w.l(libinit2.o)
    0x08000202   0x00000000   Code   RO          776    .ARM.Collect$$libinit$$00000013  c_w.l(libinit2.o)
    0x08000202   0x00000000   Code   RO          778    .ARM.Collect$$libinit$$00000015  c_w.l(libinit2.o)
    0x08000202   0x00000000   Code   RO          780    .ARM.Collect$$libinit$$00000017  c_w.l(libinit2.o)
    0x08000202   0x00000000   Code   RO          782    .ARM.Collect$$libinit$$00000019  c_w.l(libinit2.o)
    0x08000202   0x00000000   Code   RO          784    .ARM.Collect$$libinit$$0000001B  c_w.l(libinit2.o)
    0x08000202   0x00000000   Code   RO          786    .ARM.Collect$$libinit$$0000001D  c_w.l(libinit2.o)
    0x08000202   0x00000000   Code   RO          788    .ARM.Collect$$libinit$$0000001F  c_w.l(libinit2.o)
    0x08000202   0x00000000   Code   RO          790    .ARM.Collect$$libinit$$00000021  c_w.l(libinit2.o)
    0x08000202   0x00000000   Code   RO          792    .ARM.Collect$$libinit$$00000023  c_w.l(libinit2.o)
    0x08000202   0x00000000   Code   RO          794    .ARM.Collect$$libinit$$00000025  c_w.l(libinit2.o)
    0x08000202   0x00000000   Code   RO          798    .ARM.Collect$$libinit$$0000002C  c_w.l(libinit2.o)
    0x08000202   0x00000000   Code   RO          800    .ARM.Collect$$libinit$$0000002E  c_w.l(libinit2.o)
    0x08000202   0x00000000   Code   RO          802    .ARM.Collect$$libinit$$00000030  c_w.l(libinit2.o)
    0x08000202   0x00000000   Code   RO          804    .ARM.Collect$$libinit$$00000032  c_w.l(libinit2.o)
    0x08000202   0x00000002   Code   RO          805    .ARM.Collect$$libinit$$00000033  c_w.l(libinit2.o)
    0x08000204   0x00000002   Code   RO          823    .ARM.Collect$$libshutdown$$00000000  c_w.l(libshutdown.o)
    0x08000206   0x00000000   Code   RO          833    .ARM.Collect$$libshutdown$$00000002  c_w.l(libshutdown2.o)
    0x08000206   0x00000000   Code   RO          835    .ARM.Collect$$libshutdown$$00000004  c_w.l(libshutdown2.o)
    0x08000206   0x00000000   Code   RO          838    .ARM.Collect$$libshutdown$$00000007  c_w.l(libshutdown2.o)
    0x08000206   0x00000000   Code   RO          841    .ARM.Collect$$libshutdown$$0000000A  c_w.l(libshutdown2.o)
    0x08000206   0x00000000   Code   RO          843    .ARM.Collect$$libshutdown$$0000000C  c_w.l(libshutdown2.o)
    0x08000206   0x00000000   Code   RO          846    .ARM.Collect$$libshutdown$$0000000F  c_w.l(libshutdown2.o)
    0x08000206   0x00000002   Code   RO          847    .ARM.Collect$$libshutdown$$00000010  c_w.l(libshutdown2.o)
    0x08000208   0x00000000   Code   RO          707    .ARM.Collect$$rtentry$$00000000  c_w.l(__rtentry.o)
    0x08000208   0x00000000   Code   RO          724    .ARM.Collect$$rtentry$$00000002  c_w.l(__rtentry2.o)
    0x08000208   0x00000006   Code   RO          736    .ARM.Collect$$rtentry$$00000004  c_w.l(__rtentry4.o)
    0x0800020e   0x00000000   Code   RO          726    .ARM.Collect$$rtentry$$00000009  c_w.l(__rtentry2.o)
    0x0800020e   0x00000004   Code   RO          727    .ARM.Collect$$rtentry$$0000000A  c_w.l(__rtentry2.o)
    0x08000212   0x00000000   Code   RO          729    .ARM.Collect$$rtentry$$0000000C  c_w.l(__rtentry2.o)
    0x08000212   0x00000008   Code   RO          730    .ARM.Collect$$rtentry$$0000000D  c_w.l(__rtentry2.o)
    0x0800021a   0x00000002   Code   RO          759    .ARM.Collect$$rtexit$$00000000  c_w.l(rtexit.o)
    0x0800021c   0x00000000   Code   RO          807    .ARM.Collect$$rtexit$$00000002  c_w.l(rtexit2.o)
    0x0800021c   0x00000004   Code   RO          808    .ARM.Collect$$rtexit$$00000003  c_w.l(rtexit2.o)
    0x08000220   0x00000006   Code   RO          809    .ARM.Collect$$rtexit$$00000004  c_w.l(rtexit2.o)
    0x08000226   0x00000002   PAD
    0x08000228   0x00000096   Code   RO          604    .emb_text           port.o
    0x080002be   0x00000002   PAD
    0x080002c0   0x0000040c   Code   RO            1    .text               main.o
    0x080006cc   0x0000000c   Code   RO          179    .text               stm32f10x_it.o
    0x080006d8   0x00000158   Code   RO          220    .text               system_stm32f10x.o
    0x08000830   0x0000013c   Code   RO          238    .text               timer.o
    0x0800096c   0x0000009c   Code   RO          264    .text               key.o
    0x08000a08   0x000000a0   Code   RO          277    .text               led.o
    0x08000aa8   0x00000534   Code   RO          289    .text               oled.o
    0x08000fdc   0x00000048   Code   RO          312    .text               shuma.o
    0x08001024   0x00000068   Code   RO          327    .text               hc38.o
    0x0800108c   0x000000d8   Code   RO          339    .text               delay.o
    0x08001164   0x00000114   Code   RO          370    .text               usart.o
    0x08001278   0x00000040   Code   RO          410    .text               startup_stm32f10x_hd.o
    0x080012b8   0x000000b0   Code   RO          414    .text               misc.o
    0x08001368   0x00000264   Code   RO          426    .text               stm32f10x_gpio.o
    0x080015cc   0x000002b8   Code   RO          438    .text               stm32f10x_rcc.o
    0x08001884   0x00000328   Code   RO          452    .text               stm32f10x_usart.o
    0x08001bac   0x00000af0   Code   RO          464    .text               stm32f10x_tim.o
    0x0800269c   0x00000088   Code   RO          526    .text               list.o
    0x08002724   0x00000aac   Code   RO          538    .text               queue.o
    0x080031d0   0x0000134c   Code   RO          557    .text               tasks.o
    0x0800451c   0x00000518   Code   RO          589    .text               timers.o
    0x08004a34   0x000001f8   Code   RO          605    .text               port.o
    0x08004c2c   0x00000214   Code   RO          635    .text               heap_4.o
    0x08004e40   0x00000002   Code   RO          652    .text               c_w.l(use_no_semi_2.o)
    0x08004e42   0x00000002   PAD
    0x08004e44   0x00000018   Code   RO          658    .text               c_w.l(noretval__2printf.o)
    0x08004e5c   0x00000028   Code   RO          660    .text               c_w.l(noretval__2sprintf.o)
    0x08004e84   0x00000068   Code   RO          662    .text               c_w.l(__printf.o)
    0x08004eec   0x00000052   Code   RO          664    .text               c_w.l(_printf_str.o)
    0x08004f3e   0x00000002   PAD
    0x08004f40   0x00000078   Code   RO          666    .text               c_w.l(_printf_dec.o)
    0x08004fb8   0x00000048   Code   RO          693    .text               c_w.l(strcpy.o)
    0x08005000   0x0000003e   Code   RO          695    .text               c_w.l(strlen.o)
    0x0800503e   0x0000008a   Code   RO          697    .text               c_w.l(rt_memcpy_v6.o)
    0x080050c8   0x00000010   Code   RO          699    .text               c_w.l(aeabi_memset.o)
    0x080050d8   0x00000006   Code   RO          701    .text               c_w.l(heapauxi.o)
    0x080050de   0x00000002   Code   RO          705    .text               c_w.l(use_no_semi.o)
    0x080050e0   0x000000b2   Code   RO          708    .text               c_w.l(_printf_intcommon.o)
    0x08005192   0x00000002   PAD
    0x08005194   0x00000030   Code   RO          710    .text               c_w.l(_printf_char_common.o)
    0x080051c4   0x0000000a   Code   RO          712    .text               c_w.l(_sputc.o)
    0x080051ce   0x0000002c   Code   RO          714    .text               c_w.l(_printf_char.o)
    0x080051fa   0x00000002   PAD
    0x080051fc   0x00000024   Code   RO          716    .text               c_w.l(_printf_char_file.o)
    0x08005220   0x00000064   Code   RO          719    .text               c_w.l(rt_memcpy_w.o)
    0x08005284   0x00000044   Code   RO          721    .text               c_w.l(rt_memclr.o)
    0x080052c8   0x00000008   Code   RO          740    .text               c_w.l(ferror.o)
    0x080052d0   0x0000004e   Code   RO          744    .text               c_w.l(rt_memclr_w.o)
    0x0800531e   0x0000004a   Code   RO          746    .text               c_w.l(sys_stackheap_outer.o)
    0x08005368   0x00000012   Code   RO          748    .text               c_w.l(exit.o)
    0x0800537a   0x00000002   PAD
    0x0800537c   0x00000008   Code   RO          756    .text               c_w.l(libspace.o)
    0x08005384   0x00000818   Data   RO          290    .constdata          oled.o
    0x08005b9c   0x00000020   Data   RO          879    Region$$Table       anon$$obj.o


    Execution Region RW_IRAM1 (Base: 0x20000000, Size: 0x00005ed8, Max: 0x0000c000, ABSOLUTE, COMPRESSED[0x000001b0])

    Base Addr    Size         Type   Attr      Idx    E Section Name        Object

    0x20000000   0x00000024   Data   RW            2    .data               main.o
    0x20000024   0x00000014   Data   RW          221    .data               system_stm32f10x.o
    0x20000038   0x00000008   Data   RW          239    .data               timer.o
    0x20000040   0x00000001   Data   RW          265    .data               key.o
    0x20000041   0x00000380   Data   RW          291    .data               oled.o
    0x200003c1   0x00000010   Data   RW          313    .data               shuma.o
    0x200003d1   0x00000001   PAD
    0x200003d2   0x00000004   Data   RW          340    .data               delay.o
    0x200003d6   0x00000002   Data   RW          372    .data               usart.o
    0x200003d8   0x00000004   Data   RW          373    .data               usart.o
    0x200003dc   0x00000014   Data   RW          439    .data               stm32f10x_rcc.o
    0x200003f0   0x0000003c   Data   RW          559    .data               tasks.o
    0x2000042c   0x00000014   Data   RW          591    .data               timers.o
    0x20000440   0x0000000c   Data   RW          606    .data               port.o
    0x2000044c   0x00000018   Data   RW          637    .data               heap_4.o
    0x20000464   0x000000c8   Zero   RW          371    .bss                usart.o
    0x2000052c   0x00000040   Zero   RW          539    .bss                queue.o
    0x2000056c   0x000002e4   Zero   RW          558    .bss                tasks.o
    0x20000850   0x00000028   Zero   RW          590    .bss                timers.o
    0x20000878   0x00005000   Zero   RW          636    .bss                heap_4.o
    0x20005878   0x00000060   Zero   RW          757    .bss                c_w.l(libspace.o)
    0x200058d8   0x00000200   Zero   RW          408    HEAP                startup_stm32f10x_hd.o
    0x20005ad8   0x00000400   Zero   RW          407    STACK               startup_stm32f10x_hd.o


==============================================================================

Image component sizes


      Code (inc. data)   RO Data    RW Data    ZI Data      Debug   Object Name

       216         12          0          4          0       1689   delay.o
         0          0          0          0          0      10436   event_groups.o
       104          8          0          0          0        749   hc38.o
       532         66          0         24      20480       3516   heap_4.o
       156          8          0          1          0        848   key.o
       160         14          0          0          0        591   led.o
       136          0          0          0          0       1870   list.o
      1036        110          0         36          0     271583   main.o
       176         14          0          0          0       1965   misc.o
      1332         24       2072        896          0       8753   oled.o
       654         94          0         12          0       7849   port.o
      2732         52          0          0         64      17196   queue.o
        72         10          0         16          0       1369   shuma.o
        64         26        304          0       1536        812   startup_stm32f10x_hd.o
       612         36          0          0          0       6093   stm32f10x_gpio.o
        12          0          0          0          0        919   stm32f10x_it.o
       696         32          0         20          0       9104   stm32f10x_rcc.o
      2800         84          0          0          0      24030   stm32f10x_tim.o
       808         22          0          0          0       8956   stm32f10x_usart.o
         0          0          0          0          0         32   sys.o
       344         34          0         20          0       1879   system_stm32f10x.o
      4940        180          0         60        740      33518   tasks.o
       316         22          0          8          0       1806   timer.o
      1304        128          0         20         40       9172   timers.o
       276         16          0          6        200       3350   usart.o

    ----------------------------------------------------------------------
     19480        992       2408       1124      23060     428085   Object Totals
         0          0         32          0          0          0   (incl. Generated)
         2          0          0          1          0          0   (incl. Padding)

    ----------------------------------------------------------------------

      Code (inc. data)   RO Data    RW Data    ZI Data      Debug   Library Member Name

        90          0          0          0          0          0   __dczerorl2.o
         8          0          0          0          0         68   __main.o
       104          0          0          0          0         84   __printf.o
         0          0          0          0          0          0   __rtentry.o
        12          0          0          0          0          0   __rtentry2.o
         6          0          0          0          0          0   __rtentry4.o
        52          8          0          0          0          0   __scatter.o
        28          0          0          0          0          0   __scatter_zi.o
         6          0          0          0          0          0   _printf_c.o
        44          0          0          0          0        108   _printf_char.o
        48          6          0          0          0         96   _printf_char_common.o
        36          4          0          0          0         80   _printf_char_file.o
         6          0          0          0          0          0   _printf_d.o
       120         16          0          0          0         92   _printf_dec.o
       178          0          0          0          0         88   _printf_intcommon.o
         0          0          0          0          0          0   _printf_percent.o
         4          0          0          0          0          0   _printf_percent_end.o
         6          0          0          0          0          0   _printf_s.o
        82          0          0          0          0         80   _printf_str.o
         6          0          0          0          0          0   _printf_u.o
        10          0          0          0          0         68   _sputc.o
        16          0          0          0          0         68   aeabi_memset.o
        18          0          0          0          0         80   exit.o
         8          0          0          0          0         68   ferror.o
         6          0          0          0          0        152   heapauxi.o
         2          0          0          0          0          0   libinit.o
         2          0          0          0          0          0   libinit2.o
         2          0          0          0          0          0   libshutdown.o
         2          0          0          0          0          0   libshutdown2.o
         8          4          0          0         96         68   libspace.o
        24          4          0          0          0         84   noretval__2printf.o
        40          6          0          0          0         84   noretval__2sprintf.o
        68          0          0          0          0         68   rt_memclr.o
        78          0          0          0          0         80   rt_memclr_w.o
       138          0          0          0          0         68   rt_memcpy_v6.o
       100          0          0          0          0         80   rt_memcpy_w.o
         2          0          0          0          0          0   rtexit.o
        10          0          0          0          0          0   rtexit2.o
        72          0          0          0          0         80   strcpy.o
        62          0          0          0          0         76   strlen.o
        74          0          0          0          0         80   sys_stackheap_outer.o
         2          0          0          0          0         68   use_no_semi.o
         2          0          0          0          0         68   use_no_semi_2.o

    ----------------------------------------------------------------------
      1596         48          0          0         96       2036   Library Totals
        14          0          0          0          0          0   (incl. Padding)

    ----------------------------------------------------------------------

      Code (inc. data)   RO Data    RW Data    ZI Data      Debug   Library Name

      1582         48          0          0         96       2036   c_w.l

    ----------------------------------------------------------------------
      1596         48          0          0         96       2036   Library Totals

    ----------------------------------------------------------------------

==============================================================================


      Code (inc. data)   RO Data    RW Data    ZI Data      Debug   

     21076       1040       2408       1124      23156     426061   Grand Totals
     21076       1040       2408        432      23156     426061   ELF Image Totals (compressed)
     21076       1040       2408        432          0          0   ROM Totals

==============================================================================

    Total RO  Size (Code + RO Data)                23484 (  22.93kB)
    Total RW  Size (RW Data + ZI Data)             24280 (  23.71kB)
    Total ROM Size (Code + RO Data + RW Data)      23916 (  23.36kB)

==============================================================================

