<html>
<body>
<pre>
<h1>礦ision Build Log</h1>
<h2>Tool Versions:</h2>
IDE-Version: μVision V5.21.1.0
Copyright (C) 2016 ARM Ltd and ARM Germany GmbH. All rights reserved.
License Information: nanj sun, seu, LIC=HN0AR-KGA3K-Z98G9-4WWKK-8EHB4-05HSI
 
Tool Versions:
Toolchain:       MDK-ARM Plus  Version: 5.21a
Toolchain Path:  C:\Keil_v5\ARM\ARMCC\Bin
C Compiler:      Armcc.exe V5.06 update 3 (build 300)
Assembler:       Armasm.exe V5.06 update 3 (build 300)
Linker/Locator:  ArmLink.exe V5.06 update 3 (build 300)
Library Manager: ArmAr.exe V5.06 update 3 (build 300)
Hex Converter:   FromElf.exe V5.06 update 3 (build 300)
CPU DLL:         SARMCM3.DLL V5.21a
Dialog DLL:      DARMSTM.DLL V1.66.0.1
Target DLL:      Segger\JL2CM3.dll V2.99.23.0
Dialog DLL:        TARMSTM.DLL   
 
<h2>Project:</h2>
C:\Users\nanj\Documents\嵌入式作业\嵌入式大作业\FreeRTOS作业-计算器\USER\FreeRTOS.uvprojx
Project File Date:  06/26/2017

<h2>Output:</h2>
*** Using Compiler 'V5.06 update 3 (build 300)', folder: 'C:\Keil_v5\ARM\ARMCC\Bin'
Rebuild target 'FreeRTOS'
compiling stm32f10x_it.c...
compiling key.c...
compiling led.c...
compiling system_stm32f10x.c...
compiling timer.c...
compiling oled.c...
..\HARDWARE\OLED\oled.h(65): warning:  #1295-D: Deprecated declaration Picture - give arg types
  void Picture();
..\HARDWARE\OLED\oled.h(66): warning:  #1295-D: Deprecated declaration IIC_Start - give arg types
  void IIC_Start();
..\HARDWARE\OLED\oled.h(67): warning:  #1295-D: Deprecated declaration IIC_Stop - give arg types
  void IIC_Stop();
..\HARDWARE\OLED\oled.h(72): warning:  #1295-D: Deprecated declaration IIC_Wait_Ack - give arg types
  void IIC_Wait_Ack();
..\HARDWARE\OLED\oled.c: 4 warnings, 0 errors
compiling main.c...
..\HARDWARE\OLED\oled.h(65): warning:  #1295-D: Deprecated declaration Picture - give arg types
  void Picture();
..\HARDWARE\OLED\oled.h(66): warning:  #1295-D: Deprecated declaration IIC_Start - give arg types
  void IIC_Start();
..\HARDWARE\OLED\oled.h(67): warning:  #1295-D: Deprecated declaration IIC_Stop - give arg types
  void IIC_Stop();
..\HARDWARE\OLED\oled.h(72): warning:  #1295-D: Deprecated declaration IIC_Wait_Ack - give arg types
  void IIC_Wait_Ack();
..\HARDWARE\HC38\hc38.h(13): warning:  #1-D: last line of file ends without a newline
  #endif
..\HARDWARE\SHUMA\shuma.h(11): warning:  #1-D: last line of file ends without a newline
  #endif
main.c(170): warning:  #177-D: variable "j" was declared but never referenced
  	u8 j=0;
main.c(171): warning:  #177-D: variable "i" was declared but never referenced
  	u8 i=0;
main.c: 8 warnings, 0 errors
assembling startup_stm32f10x_hd.s...
compiling core_cm3.c...
compiling hc38.c...
..\HARDWARE\HC38\hc38.h(13): warning:  #1-D: last line of file ends without a newline
  #endif
..\HARDWARE\HC38\hc38.c: 1 warning, 0 errors
compiling shuma.c...
..\HARDWARE\SHUMA\shuma.h(11): warning:  #1-D: last line of file ends without a newline
  #endif
..\HARDWARE\HC38\hc38.h(13): warning:  #1-D: last line of file ends without a newline
  #endif
..\HARDWARE\SHUMA\shuma.c: 2 warnings, 0 errors
compiling sys.c...
compiling delay.c...
compiling usart.c...
compiling misc.c...
compiling stm32f10x_gpio.c...
compiling stm32f10x_usart.c...
compiling stm32f10x_rcc.c...
compiling croutine.c...
compiling list.c...
compiling event_groups.c...
compiling stm32f10x_tim.c...
compiling queue.c...
compiling timers.c...
compiling heap_4.c...
compiling port.c...
compiling tasks.c...
linking...
Program Size: Code=21076 RO-data=2408 RW-data=1124 ZI-data=23156  
FromELF: creating hex file...
"..\OBJ\LED.axf" - 0 Error(s), 15 Warning(s).

<h2>Collection of Component include folders:</h2>
  C:\Users\nanj\Documents\嵌入式作业\嵌入式大作业\FreeRTOS作业-计算器\USER\RTE
  C:\Keil_v5\ARM\PACK\Keil\STM32F1xx_DFP\2.2.0\Device\Include

<h2>Collection of Component Files used:</h2>
Build Time Elapsed:  00:00:03
</pre>
</body>
</html>
